Component: ARM Compiler 5.06 update 7 (build 960) Tool: armlink [4d3601]

==============================================================================

Section Cross References

    startup_stm32f446xx.o(STACK) refers (Special) to heapauxi.o(.text) for __use_two_region_memory
    startup_stm32f446xx.o(HEAP) refers (Special) to heapauxi.o(.text) for __use_two_region_memory
    startup_stm32f446xx.o(RESET) refers (Special) to heapauxi.o(.text) for __use_two_region_memory
    startup_stm32f446xx.o(RESET) refers to startup_stm32f446xx.o(STACK) for __initial_sp
    startup_stm32f446xx.o(RESET) refers to startup_stm32f446xx.o(.text) for Reset_Handler
    startup_stm32f446xx.o(RESET) refers to stm32f4xx_it.o(i.NMI_Handler) for NMI_Handler
    startup_stm32f446xx.o(RESET) refers to stm32f4xx_it.o(i.HardFault_Handler) for HardFault_Handler
    startup_stm32f446xx.o(RESET) refers to stm32f4xx_it.o(i.MemManage_Handler) for MemManage_Handler
    startup_stm32f446xx.o(RESET) refers to stm32f4xx_it.o(i.BusFault_Handler) for BusFault_Handler
    startup_stm32f446xx.o(RESET) refers to stm32f4xx_it.o(i.UsageFault_Handler) for UsageFault_Handler
    startup_stm32f446xx.o(RESET) refers to port.o(.emb_text) for SVC_Handler
    startup_stm32f446xx.o(RESET) refers to stm32f4xx_it.o(i.DebugMon_Handler) for DebugMon_Handler
    startup_stm32f446xx.o(RESET) refers to port.o(i.SysTick_Handler) for SysTick_Handler
    startup_stm32f446xx.o(RESET) refers to stm32f4xx_it.o(i.DMA1_Stream2_IRQHandler) for DMA1_Stream2_IRQHandler
    startup_stm32f446xx.o(RESET) refers to stm32f4xx_it.o(i.DMA1_Stream4_IRQHandler) for DMA1_Stream4_IRQHandler
    startup_stm32f446xx.o(RESET) refers to stm32f4xx_it.o(i.CAN1_RX0_IRQHandler) for CAN1_RX0_IRQHandler
    startup_stm32f446xx.o(RESET) refers to stm32f4xx_it.o(i.TIM2_IRQHandler) for TIM2_IRQHandler
    startup_stm32f446xx.o(RESET) refers to stm32f4xx_it.o(i.UART4_IRQHandler) for UART4_IRQHandler
    startup_stm32f446xx.o(RESET) refers to stm32f4xx_it.o(i.OTG_FS_IRQHandler) for OTG_FS_IRQHandler
    startup_stm32f446xx.o(.text) refers (Special) to heapauxi.o(.text) for __use_two_region_memory
    startup_stm32f446xx.o(.text) refers to system_stm32f4xx.o(i.SystemInit) for SystemInit
    startup_stm32f446xx.o(.text) refers to __main.o(!!!main) for __main
    startup_stm32f446xx.o(.text) refers to startup_stm32f446xx.o(HEAP) for Heap_Mem
    startup_stm32f446xx.o(.text) refers to startup_stm32f446xx.o(STACK) for Stack_Mem
    main.o(i.HAL_TIM_PeriodElapsedCallback) refers to stm32f4xx_hal.o(i.HAL_IncTick) for HAL_IncTick
    main.o(i.SystemClock_Config) refers to rt_memclr_w.o(.text) for __aeabi_memclr4
    main.o(i.SystemClock_Config) refers to stm32f4xx_hal_rcc_ex.o(i.HAL_RCC_OscConfig) for HAL_RCC_OscConfig
    main.o(i.SystemClock_Config) refers to stm32f4xx_hal_rcc.o(i.HAL_RCC_ClockConfig) for HAL_RCC_ClockConfig
    main.o(i.main) refers to stm32f4xx_hal.o(i.HAL_Init) for HAL_Init
    main.o(i.main) refers to main.o(i.SystemClock_Config) for SystemClock_Config
    main.o(i.main) refers to gpio.o(i.MX_GPIO_Init) for MX_GPIO_Init
    main.o(i.main) refers to dma.o(i.MX_DMA_Init) for MX_DMA_Init
    main.o(i.main) refers to can.o(i.MX_CAN1_Init) for MX_CAN1_Init
    main.o(i.main) refers to usart.o(i.MX_UART4_Init) for MX_UART4_Init
    main.o(i.main) refers to bsp.o(i.CAN_Filter_Init) for CAN_Filter_Init
    main.o(i.main) refers to bsp.o(i.BSP_Init) for BSP_Init
    main.o(i.main) refers to maxon_re35.o(i.RE35_Motor_Create) for RE35_Motor_Create
    main.o(i.main) refers to freertos.o(i.MX_FREERTOS_Init) for MX_FREERTOS_Init
    main.o(i.main) refers to cmsis_os.o(i.osKernelStart) for osKernelStart
    main.o(i.main) refers to stm32f4xx_hal_gpio.o(i.HAL_GPIO_TogglePin) for HAL_GPIO_TogglePin
    main.o(i.main) refers to stm32f4xx_hal.o(i.HAL_Delay) for HAL_Delay
    gpio.o(i.MX_GPIO_Init) refers to rt_memclr_w.o(.text) for __aeabi_memclr4
    gpio.o(i.MX_GPIO_Init) refers to stm32f4xx_hal_gpio.o(i.HAL_GPIO_WritePin) for HAL_GPIO_WritePin
    gpio.o(i.MX_GPIO_Init) refers to stm32f4xx_hal_gpio.o(i.HAL_GPIO_Init) for HAL_GPIO_Init
    freertos.o(i.MX_FREERTOS_Init) refers to cmsis_os.o(i.osMessageCreate) for osMessageCreate
    freertos.o(i.MX_FREERTOS_Init) refers to rt_memcpy_w.o(.text) for __aeabi_memcpy4
    freertos.o(i.MX_FREERTOS_Init) refers to cmsis_os.o(i.osThreadCreate) for osThreadCreate
    freertos.o(i.MX_FREERTOS_Init) refers to freertos.o(.constdata) for .constdata
    freertos.o(i.MX_FREERTOS_Init) refers to freertos.o(.data) for .data
    freertos.o(i.ProcessMotorDataTask) refers to rt_memclr_w.o(.text) for __aeabi_memclr4
    freertos.o(i.ProcessMotorDataTask) refers to port.o(i.vPortEnterCritical) for vPortEnterCritical
    freertos.o(i.ProcessMotorDataTask) refers to rt_memcpy_v6.o(.text) for __aeabi_memcpy
    freertos.o(i.ProcessMotorDataTask) refers to stm32f4xx_hal_uart.o(i.HAL_UART_Transmit_DMA) for HAL_UART_Transmit_DMA
[...]
    __rt_memcpy_w                            0x0800051d   Thumb Code   100  rt_memcpy_w.o(.text)
    _memcpy_lastbytes_aligned                0x08000565   Thumb Code     0  rt_memcpy_w.o(.text)
    __aeabi_memclr4                          0x08000581   Thumb Code     0  rt_memclr_w.o(.text)
    __aeabi_memclr8                          0x08000581   Thumb Code     0  rt_memclr_w.o(.text)
    __rt_memclr_w                            0x08000581   Thumb Code    78  rt_memclr_w.o(.text)
    _memset_w                                0x08000585   Thumb Code     0  rt_memclr_w.o(.text)
    __use_two_region_memory                  0x080005cf   Thumb Code     2  heapauxi.o(.text)
    __rt_heap_escrow$2region                 0x080005d1   Thumb Code     2  heapauxi.o(.text)
    __rt_heap_expand$2region                 0x080005d3   Thumb Code     2  heapauxi.o(.text)
    __user_setup_stackheap                   0x080005d5   Thumb Code    74  sys_stackheap_outer.o(.text)
    exit                                     0x0800061f   Thumb Code    18  exit.o(.text)
    __user_libspace                          0x08000631   Thumb Code     8  libspace.o(.text)
    __user_perproc_libspace                  0x08000631   Thumb Code     0  libspace.o(.text)
    __user_perthread_libspace                0x08000631   Thumb Code     0  libspace.o(.text)
    _sys_exit                                0x08000639   Thumb Code     8  sys_exit.o(.text)
    __I$use$semihosting                      0x08000645   Thumb Code     0  use_no_semi.o(.text)
    __use_no_semihosting_swi                 0x08000645   Thumb Code     2  use_no_semi.o(.text)
    __semihosting_library_function           0x08000647   Thumb Code     0  indicate_semi.o(.text)
    BSP_Init                                 0x08000649   Thumb Code    34  bsp.o(i.BSP_Init)
    BusFault_Handler                         0x08000679   Thumb Code     2  stm32f4xx_it.o(i.BusFault_Handler)
    CAN1_RX0_IRQHandler                      0x0800067d   Thumb Code     6  stm32f4xx_it.o(i.CAN1_RX0_IRQHandler)
    CAN_Filter_Init                          0x08000689   Thumb Code    76  bsp.o(i.CAN_Filter_Init)
    CAN_Send_Msg                             0x080006d9   Thumb Code    74  bsp.o(i.CAN_Send_Msg)
    Convert_Pos                              0x08000771   Thumb Code    54  maxon_re35.o(i.Convert_Pos)
    DMA1_Stream2_IRQHandler                  0x080007b1   Thumb Code     6  stm32f4xx_it.o(i.DMA1_Stream2_IRQHandler)
    DMA1_Stream4_IRQHandler                  0x080007bd   Thumb Code     6  stm32f4xx_it.o(i.DMA1_Stream4_IRQHandler)
    DebugMon_Handler                         0x0800086d   Thumb Code     2  stm32f4xx_it.o(i.DebugMon_Handler)
    Error_Handler                            0x0800086f   Thumb Code     4  main.o(i.Error_Handler)
    HAL_CAN_ActivateNotification             0x08000873   Thumb Code    36  stm32f4xx_hal_can.o(i.HAL_CAN_ActivateNotification)
    HAL_CAN_AddTxMessage                     0x08000897   Thumb Code   208  stm32f4xx_hal_can.o(i.HAL_CAN_AddTxMessage)
    HAL_CAN_ConfigFilter                     0x08000969   Thumb Code   262  stm32f4xx_hal_can.o(i.HAL_CAN_ConfigFilter)
    HAL_CAN_ErrorCallback                    0x08000a75   Thumb Code     2  stm32f4xx_hal_can.o(i.HAL_CAN_ErrorCallback)
    HAL_CAN_GetRxMessage                     0x08000a77   Thumb Code   244  stm32f4xx_hal_can.o(i.HAL_CAN_GetRxMessage)
    HAL_CAN_IRQHandler                       0x08000b6b   Thumb Code   508  stm32f4xx_hal_can.o(i.HAL_CAN_IRQHandler)
    HAL_CAN_Init                             0x08000d67   Thumb Code   282  stm32f4xx_hal_can.o(i.HAL_CAN_Init)
    HAL_CAN_MspInit                          0x08000e81   Thumb Code   110  can.o(i.HAL_CAN_MspInit)
    HAL_CAN_RxFifo0FullCallback              0x08000efd   Thumb Code     2  stm32f4xx_hal_can.o(i.HAL_CAN_RxFifo0FullCallback)
    HAL_CAN_RxFifo0MsgPendingCallback        0x08000f01   Thumb Code    82  bsp.o(i.HAL_CAN_RxFifo0MsgPendingCallback)
    HAL_CAN_RxFifo1FullCallback              0x08000f61   Thumb Code     2  stm32f4xx_hal_can.o(i.HAL_CAN_RxFifo1FullCallback)
    HAL_CAN_RxFifo1MsgPendingCallback        0x08000f63   Thumb Code     2  stm32f4xx_hal_can.o(i.HAL_CAN_RxFifo1MsgPendingCallback)
    HAL_CAN_SleepCallback                    0x08000f65   Thumb Code     2  stm32f4xx_hal_can.o(i.HAL_CAN_SleepCallback)
    HAL_CAN_Start                            0x08000f69   Thumb Code    88  stm32f4xx_hal_can.o(i.HAL_CAN_Start)
    HAL_CAN_TxMailbox0AbortCallback          0x08000fc1   Thumb Code     2  stm32f4xx_hal_can.o(i.HAL_CAN_TxMailbox0AbortCallback)
    HAL_CAN_TxMailbox0CompleteCallback       0x08000fc3   Thumb Code     2  stm32f4xx_hal_can.o(i.HAL_CAN_TxMailbox0CompleteCallback)
    HAL_CAN_TxMailbox1AbortCallback          0x08000fc5   Thumb Code     2  stm32f4xx_hal_can.o(i.HAL_CAN_TxMailbox1AbortCallback)
    HAL_CAN_TxMailbox1CompleteCallback       0x08000fc7   Thumb Code     2  stm32f4xx_hal_can.o(i.HAL_CAN_TxMailbox1CompleteCallback)
    HAL_CAN_TxMailbox2AbortCallback          0x08000fc9   Thumb Code     2  stm32f4xx_hal_can.o(i.HAL_CAN_TxMailbox2AbortCallback)
    HAL_CAN_TxMailbox2CompleteCallback       0x08000fcb   Thumb Code     2  stm32f4xx_hal_can.o(i.HAL_CAN_TxMailbox2CompleteCallback)
    HAL_CAN_WakeUpFromRxMsgCallback          0x08000fcd   Thumb Code     2  stm32f4xx_hal_can.o(i.HAL_CAN_WakeUpFromRxMsgCallback)
    HAL_DMA_Abort                            0x08000fcf   Thumb Code   146  stm32f4xx_hal_dma.o(i.HAL_DMA_Abort)
    HAL_DMA_Abort_IT                         0x08001061   Thumb Code    36  stm32f4xx_hal_dma.o(i.HAL_DMA_Abort_IT)
    HAL_DMA_IRQHandler                       0x08001085   Thumb Code   412  stm32f4xx_hal_dma.o(i.HAL_DMA_IRQHandler)
    HAL_DMA_Init                             0x08001225   Thumb Code   206  stm32f4xx_hal_dma.o(i.HAL_DMA_Init)
    HAL_DMA_Start_IT                         0x080012f9   Thumb Code   110  stm32f4xx_hal_dma.o(i.HAL_DMA_Start_IT)
    HAL_Delay                                0x08001369   Thumb Code    32  stm32f4xx_hal.o(i.HAL_Delay)
    HAL_GPIO_Init                            0x0800138d   Thumb Code   436  stm32f4xx_hal_gpio.o(i.HAL_GPIO_Init)
    HAL_GPIO_TogglePin                       0x08001569   Thumb Code    16  stm32f4xx_hal_gpio.o(i.HAL_GPIO_TogglePin)
    HAL_GPIO_WritePin                        0x08001579   Thumb Code    10  stm32f4xx_hal_gpio.o(i.HAL_GPIO_WritePin)
    HAL_GetTick                              0x08001585   Thumb Code     6  stm32f4xx_hal.o(i.HAL_GetTick)
    HAL_IncTick                              0x08001591   Thumb Code    12  stm32f4xx_hal.o(i.HAL_IncTick)
    HAL_Init                                 0x080015a1   Thumb Code    48  stm32f4xx_hal.o(i.HAL_Init)
    HAL_InitTick                             0x080015d5   Thumb Code   134  stm32f4xx_hal_timebase_tim.o(i.HAL_InitTick)
    HAL_MspInit                              0x0800166d   Thumb Code    52  stm32f4xx_hal_msp.o(i.HAL_MspInit)
    HAL_NVIC_EnableIRQ                       0x080016a5   Thumb Code    26  stm32f4xx_hal_cortex.o(i.HAL_NVIC_EnableIRQ)
    HAL_NVIC_SetPriority                     0x080016c1   Thumb Code    60  stm32f4xx_hal_cortex.o(i.HAL_NVIC_SetPriority)
    HAL_NVIC_SetPriorityGrouping             0x08001701   Thumb Code    26  stm32f4xx_hal_cortex.o(i.HAL_NVIC_SetPriorityGrouping)
    HAL_PCDEx_ActivateLPM                    0x08001725   Thumb Code    34  stm32f4xx_hal_pcd_ex.o(i.HAL_PCDEx_ActivateLPM)
    HAL_PCDEx_LPM_Callback                   0x0800174d   Thumb Code    92  usbd_conf.o(i.HAL_PCDEx_LPM_Callback)
    HAL_PCDEx_SetRxFiFo                      0x080017ad   Thumb Code     8  stm32f4xx_hal_pcd_ex.o(i.HAL_PCDEx_SetRxFiFo)
    HAL_PCDEx_SetTxFiFo                      0x080017b5   Thumb Code    68  stm32f4xx_hal_pcd_ex.o(i.HAL_PCDEx_SetTxFiFo)
    HAL_PCD_ConnectCallback                  0x080017f9   Thumb Code     8  usbd_conf.o(i.HAL_PCD_ConnectCallback)
    HAL_PCD_DataInStageCallback              0x08001801   Thumb Code    18  usbd_conf.o(i.HAL_PCD_DataInStageCallback)
    HAL_PCD_DataOutStageCallback             0x08001813   Thumb Code    20  usbd_conf.o(i.HAL_PCD_DataOutStageCallback)
    HAL_PCD_DisconnectCallback               0x08001827   Thumb Code     8  usbd_conf.o(i.HAL_PCD_DisconnectCallback)
    HAL_PCD_EP_Abort                         0x0800182f   Thumb Code    30  stm32f4xx_hal_pcd.o(i.HAL_PCD_EP_Abort)
    HAL_PCD_EP_Close                         0x0800184d   Thumb Code    74  stm32f4xx_hal_pcd.o(i.HAL_PCD_EP_Close)
    HAL_PCD_EP_ClrStall                      0x08001897   Thumb Code    90  stm32f4xx_hal_pcd.o(i.HAL_PCD_EP_ClrStall)
    HAL_PCD_EP_GetRxCount                    0x080018f1   Thumb Code    18  stm32f4xx_hal_pcd.o(i.HAL_PCD_EP_GetRxCount)
    HAL_PCD_EP_Open                          0x08001903   Thumb Code    94  stm32f4xx_hal_pcd.o(i.HAL_PCD_EP_Open)
    HAL_PCD_EP_Receive                       0x08001961   Thumb Code    56  stm32f4xx_hal_pcd.o(i.HAL_PCD_EP_Receive)
    HAL_PCD_EP_SetStall                      0x08001999   Thumb Code   114  stm32f4xx_hal_pcd.o(i.HAL_PCD_EP_SetStall)
    HAL_PCD_EP_Transmit                      0x08001a0b   Thumb Code    50  stm32f4xx_hal_pcd.o(i.HAL_PCD_EP_Transmit)
    HAL_PCD_IRQHandler                       0x08001a3d   Thumb Code  1432  stm32f4xx_hal_pcd.o(i.HAL_PCD_IRQHandler)
    HAL_PCD_ISOINIncompleteCallback          0x08001fd5   Thumb Code     8  usbd_conf.o(i.HAL_PCD_ISOINIncompleteCallback)
    HAL_PCD_ISOOUTIncompleteCallback         0x08001fdd   Thumb Code     8  usbd_conf.o(i.HAL_PCD_ISOOUTIncompleteCallback)
    HAL_PCD_Init                             0x08001fe5   Thumb Code   216  stm32f4xx_hal_pcd.o(i.HAL_PCD_Init)
    HAL_PCD_MspInit                          0x080020bd   Thumb Code   150  usbd_conf.o(i.HAL_PCD_MspInit)
    HAL_PCD_ResetCallback                    0x0800215d   Thumb Code    44  usbd_conf.o(i.HAL_PCD_ResetCallback)
    HAL_PCD_ResumeCallback                   0x08002189   Thumb Code     8  usbd_conf.o(i.HAL_PCD_ResumeCallback)
    HAL_PCD_SOFCallback                      0x08002191   Thumb Code     8  usbd_conf.o(i.HAL_PCD_SOFCallback)
    HAL_PCD_SetAddress                       0x08002199   Thumb Code    38  stm32f4xx_hal_pcd.o(i.HAL_PCD_SetAddress)
    HAL_PCD_SetupStageCallback               0x080021bf   Thumb Code    14  usbd_conf.o(i.HAL_PCD_SetupStageCallback)
    HAL_PCD_Start                            0x080021cd   Thumb Code    66  stm32f4xx_hal_pcd.o(i.HAL_PCD_Start)
    HAL_PCD_SuspendCallback                  0x08002211   Thumb Code    44  usbd_conf.o(i.HAL_PCD_SuspendCallback)
    HAL_RCCEx_PeriphCLKConfig                0x08002241   Thumb Code  1072  stm32f4xx_hal_rcc_ex.o(i.HAL_RCCEx_PeriphCLKConfig)
    HAL_RCC_ClockConfig                      0x08002671   Thumb Code   288  stm32f4xx_hal_rcc.o(i.HAL_RCC_ClockConfig)
    HAL_RCC_GetClockConfig                   0x080027a5   Thumb Code    54  stm32f4xx_hal_rcc.o(i.HAL_RCC_GetClockConfig)
    HAL_RCC_GetHCLKFreq                      0x080027e5   Thumb Code     6  stm32f4xx_hal_rcc.o(i.HAL_RCC_GetHCLKFreq)
    HAL_RCC_GetPCLK1Freq                     0x080027f1   Thumb Code    20  stm32f4xx_hal_rcc.o(i.HAL_RCC_GetPCLK1Freq)
    HAL_RCC_GetPCLK2Freq                     0x08002811   Thumb Code    20  stm32f4xx_hal_rcc.o(i.HAL_RCC_GetPCLK2Freq)
    HAL_RCC_GetSysClockFreq                  0x08002831   Thumb Code   140  stm32f4xx_hal_rcc_ex.o(i.HAL_RCC_GetSysClockFreq)
    HAL_RCC_OscConfig                        0x080028c9   Thumb Code   900  stm32f4xx_hal_rcc_ex.o(i.HAL_RCC_OscConfig)
    HAL_TIMEx_BreakCallback                  0x08002c61   Thumb Code     2  stm32f4xx_hal_tim_ex.o(i.HAL_TIMEx_BreakCallback)
    HAL_TIMEx_CommutCallback                 0x08002c63   Thumb Code     2  stm32f4xx_hal_tim_ex.o(i.HAL_TIMEx_CommutCallback)
    HAL_TIM_Base_Init                        0x08002c65   Thumb Code    90  stm32f4xx_hal_tim.o(i.HAL_TIM_Base_Init)
    HAL_TIM_Base_MspInit                     0x08002cbf   Thumb Code     2  stm32f4xx_hal_tim.o(i.HAL_TIM_Base_MspInit)
    HAL_TIM_Base_Start_IT                    0x08002cc1   Thumb Code   100  stm32f4xx_hal_tim.o(i.HAL_TIM_Base_Start_IT)
    HAL_TIM_IC_CaptureCallback               0x08002d41   Thumb Code     2  stm32f4xx_hal_tim.o(i.HAL_TIM_IC_CaptureCallback)
    HAL_TIM_IRQHandler                       0x08002d43   Thumb Code   304  stm32f4xx_hal_tim.o(i.HAL_TIM_IRQHandler)
    HAL_TIM_OC_DelayElapsedCallback          0x08002e73   Thumb Code     2  stm32f4xx_hal_tim.o(i.HAL_TIM_OC_DelayElapsedCallback)
    HAL_TIM_PWM_PulseFinishedCallback        0x08002e75   Thumb Code     2  stm32f4xx_hal_tim.o(i.HAL_TIM_PWM_PulseFinishedCallback)
    HAL_TIM_PeriodElapsedCallback            0x08002e77   Thumb Code    14  main.o(i.HAL_TIM_PeriodElapsedCallback)
    HAL_TIM_TriggerCallback                  0x08002e85   Thumb Code     2  stm32f4xx_hal_tim.o(i.HAL_TIM_TriggerCallback)
    HAL_UARTEx_RxEventCallback               0x08002e87   Thumb Code     2  stm32f4xx_hal_uart.o(i.HAL_UARTEx_RxEventCallback)
    HAL_UART_DMAStop                         0x08002e89   Thumb Code   112  stm32f4xx_hal_uart.o(i.HAL_UART_DMAStop)
    HAL_UART_ErrorCallback                   0x08002ef9   Thumb Code     2  stm32f4xx_hal_uart.o(i.HAL_UART_ErrorCallback)
    HAL_UART_IRQHandler                      0x08002efd   Thumb Code   618  stm32f4xx_hal_uart.o(i.HAL_UART_IRQHandler)
    HAL_UART_Init                            0x0800316d   Thumb Code   100  stm32f4xx_hal_uart.o(i.HAL_UART_Init)
    HAL_UART_MspInit                         0x080031d1   Thumb Code   240  usart.o(i.HAL_UART_MspInit)
    HAL_UART_Receive_DMA                     0x080032d5   Thumb Code    28  stm32f4xx_hal_uart.o(i.HAL_UART_Receive_DMA)
    HAL_UART_RxCpltCallback                  0x080032f1   Thumb Code     2  stm32f4xx_hal_uart.o(i.HAL_UART_RxCpltCallback)
    HAL_UART_RxHalfCpltCallback              0x080032f3   Thumb Code     2  stm32f4xx_hal_uart.o(i.HAL_UART_RxHalfCpltCallback)
    HAL_UART_Transmit_DMA                    0x080032f5   Thumb Code   106  stm32f4xx_hal_uart.o(i.HAL_UART_Transmit_DMA)
    HAL_UART_TxCpltCallback                  0x0800336d   Thumb Code     2  stm32f4xx_hal_uart.o(i.HAL_UART_TxCpltCallback)
    HAL_UART_TxHalfCpltCallback              0x0800336f   Thumb Code     2  stm32f4xx_hal_uart.o(i.HAL_UART_TxHalfCpltCallback)
    HardFault_Handler                        0x08003371   Thumb Code     2  stm32f4xx_it.o(i.HardFault_Handler)
    MX_CAN1_Init                             0x080033ad   Thumb Code    60  can.o(i.MX_CAN1_Init)
    MX_DMA_Init                              0x080033f1   Thumb Code    56  dma.o(i.MX_DMA_Init)
    MX_FREERTOS_Init                         0x0800342d   Thumb Code   122  freertos.o(i.MX_FREERTOS_Init)
    MX_GPIO_Init                             0x080034b1   Thumb Code   130  gpio.o(i.MX_GPIO_Init)
    MX_UART4_Init                            0x0800353d   Thumb Code    48  usart.o(i.MX_UART4_Init)
    MX_USB_DEVICE_Init                       0x08003575   Thumb Code    66  usb_device.o(i.MX_USB_DEVICE_Init)
    MemManage_Handler                        0x080035c9   Thumb Code     2  stm32f4xx_it.o(i.MemManage_Handler)
    NMI_Handler                              0x080035cb   Thumb Code     2  stm32f4xx_it.o(i.NMI_Handler)
    OTG_FS_IRQHandler                        0x080035cd   Thumb Code     6  stm32f4xx_it.o(i.OTG_FS_IRQHandler)
    ProcessMotorDataTask                     0x08003749   Thumb Code    68  freertos.o(i.ProcessMotorDataTask)
    RE35_Motor_Create                        0x08003799   Thumb Code    44  maxon_re35.o(i.RE35_Motor_Create)
    RE35_Motor_Init                          0x080037cd   Thumb Code   108  maxon_re35.o(i.RE35_Motor_Init)
    RE35_Motor_RecvData_Process              0x08003839   Thumb Code    90  maxon_re35.o(i.RE35_Motor_RecvData_Process)
    RE35_Motor_Send                          0x08003899   Thumb Code    18  maxon_re35.o(i.RE35_Motor_Send)
    RE35_Motor_SetCmd                        0x080038ab   Thumb Code   140  maxon_re35.o(i.RE35_Motor_SetCmd)
    StartDefaultTask                         0x08003941   Thumb Code    26  freertos.o(i.StartDefaultTask)
    StartJogTask                             0x08003961   Thumb Code    92  freertos.o(i.StartJogTask)
    SysTick_Handler                          0x080039c5   Thumb Code    38  port.o(i.SysTick_Handler)
    SystemClock_Config                       0x080039f1   Thumb Code   142  main.o(i.SystemClock_Config)
    SystemInit                               0x08003a89   Thumb Code    12  system_stm32f4xx.o(i.SystemInit)
    TIM2_IRQHandler                          0x08003a99   Thumb Code     6  stm32f4xx_it.o(i.TIM2_IRQHandler)
    TIM_Base_SetConfig                       0x08003aa5   Thumb Code   170  stm32f4xx_hal_tim.o(i.TIM_Base_SetConfig)
    UART4_IRQHandler                         0x08003b7d   Thumb Code    18  stm32f4xx_it.o(i.UART4_IRQHandler)
    UART_Start_Receive_DMA                   0x08003f19   Thumb Code   130  stm32f4xx_hal_uart.o(i.UART_Start_Receive_DMA)
    USBD_CDC_GetDeviceQualifierDescriptor    0x08004125   Thumb Code     8  usbd_cdc.o(i.USBD_CDC_GetDeviceQualifierDescriptor)
    USBD_CDC_ReceivePacket                   0x08004301   Thumb Code    50  usbd_cdc.o(i.USBD_CDC_ReceivePacket)
    USBD_CDC_RegisterInterface               0x08004339   Thumb Code    22  usbd_cdc.o(i.USBD_CDC_RegisterInterface)
    USBD_CDC_SetRxBuffer                     0x0800434f   Thumb Code    26  usbd_cdc.o(i.USBD_CDC_SetRxBuffer)
    USBD_CDC_SetTxBuffer                     0x08004369   Thumb Code    30  usbd_cdc.o(i.USBD_CDC_SetTxBuffer)
    USBD_ClrClassConfig                      0x0800445b   Thumb Code    20  usbd_core.o(i.USBD_ClrClassConfig)
    USBD_CoreFindEP                          0x0800446f   Thumb Code     4  usbd_core.o(i.USBD_CoreFindEP)
    USBD_CoreFindIF                          0x08004473   Thumb Code     4  usbd_core.o(i.USBD_CoreFindIF)
    USBD_CtlContinueRx                       0x08004477   Thumb Code    16  usbd_ioreq.o(i.USBD_CtlContinueRx)
    USBD_CtlContinueSendData                 0x08004487   Thumb Code    16  usbd_ioreq.o(i.USBD_CtlContinueSendData)
    USBD_CtlError                            0x08004497   Thumb Code    22  usbd_ctlreq.o(i.USBD_CtlError)
    USBD_CtlPrepareRx                        0x080044ad   Thumb Code    30  usbd_ioreq.o(i.USBD_CtlPrepareRx)
    USBD_CtlReceiveStatus                    0x080044cb   Thumb Code    22  usbd_ioreq.o(i.USBD_CtlReceiveStatus)
    USBD_CtlSendData                         0x080044e1   Thumb Code    26  usbd_ioreq.o(i.USBD_CtlSendData)
    USBD_CtlSendStatus                       0x080044fb   Thumb Code    22  usbd_ioreq.o(i.USBD_CtlSendStatus)
    USBD_FS_ConfigStrDescriptor              0x08004511   Thumb Code    16  usbd_desc.o(i.USBD_FS_ConfigStrDescriptor)
    USBD_FS_DeviceDescriptor                 0x08004531   Thumb Code     8  usbd_desc.o(i.USBD_FS_DeviceDescriptor)
    USBD_FS_InterfaceStrDescriptor           0x0800453d   Thumb Code    16  usbd_desc.o(i.USBD_FS_InterfaceStrDescriptor)
    USBD_FS_LangIDStrDescriptor              0x08004561   Thumb Code     8  usbd_desc.o(i.USBD_FS_LangIDStrDescriptor)
    USBD_FS_ManufacturerStrDescriptor        0x0800456d   Thumb Code    16  usbd_desc.o(i.USBD_FS_ManufacturerStrDescriptor)
    USBD_FS_ProductStrDescriptor             0x08004595   Thumb Code    16  usbd_desc.o(i.USBD_FS_ProductStrDescriptor)
    USBD_FS_SerialStrDescriptor              0x080045c1   Thumb Code    48  usbd_desc.o(i.USBD_FS_SerialStrDescriptor)
    USBD_FS_USR_BOSDescriptor                0x080045f9   Thumb Code     8  usbd_desc.o(i.USBD_FS_USR_BOSDescriptor)
    USBD_GetEpDesc                           0x080046ff   Thumb Code    58  usbd_core.o(i.USBD_GetEpDesc)
    USBD_GetNextDesc                         0x08004739   Thumb Code    14  usbd_core.o(i.USBD_GetNextDesc)
    USBD_GetString                           0x08004747   Thumb Code    72  usbd_ctlreq.o(i.USBD_GetString)
    USBD_Get_USB_Status                      0x0800478f   Thumb Code    24  usbd_conf.o(i.USBD_Get_USB_Status)
    USBD_Init                                0x080047a7   Thumb Code    38  usbd_core.o(i.USBD_Init)
    USBD_LL_ClearStallEP                     0x080047cd   Thumb Code    18  usbd_conf.o(i.USBD_LL_ClearStallEP)
    USBD_LL_CloseEP                          0x080047df   Thumb Code    18  usbd_conf.o(i.USBD_LL_CloseEP)
    USBD_LL_DataInStage                      0x080047f1   Thumb Code   182  usbd_core.o(i.USBD_LL_DataInStage)
    USBD_LL_DataOutStage                     0x080048a7   Thumb Code   142  usbd_core.o(i.USBD_LL_DataOutStage)
    USBD_LL_DevConnected                     0x08004935   Thumb Code     4  usbd_core.o(i.USBD_LL_DevConnected)
    USBD_LL_DevDisconnected                  0x08004939   Thumb Code    30  usbd_core.o(i.USBD_LL_DevDisconnected)
    USBD_LL_GetRxDataSize                    0x08004957   Thumb Code     8  usbd_conf.o(i.USBD_LL_GetRxDataSize)
    USBD_LL_Init                             0x08004961   Thumb Code    90  usbd_conf.o(i.USBD_LL_Init)
    USBD_LL_IsStallEP                        0x080049c1   Thumb Code    30  usbd_conf.o(i.USBD_LL_IsStallEP)
    USBD_LL_IsoINIncomplete                  0x080049df   Thumb Code    40  usbd_core.o(i.USBD_LL_IsoINIncomplete)
    USBD_LL_IsoOUTIncomplete                 0x08004a07   Thumb Code    40  usbd_core.o(i.USBD_LL_IsoOUTIncomplete)
    USBD_LL_OpenEP                           0x08004a2f   Thumb Code    24  usbd_conf.o(i.USBD_LL_OpenEP)
    USBD_LL_PrepareReceive                   0x08004a47   Thumb Code    18  usbd_conf.o(i.USBD_LL_PrepareReceive)
    USBD_LL_Reset                            0x08004a59   Thumb Code    92  usbd_core.o(i.USBD_LL_Reset)
    USBD_LL_Resume                           0x08004ab5   Thumb Code    20  usbd_core.o(i.USBD_LL_Resume)
    USBD_LL_SOF                              0x08004ac9   Thumb Code    26  usbd_core.o(i.USBD_LL_SOF)
    USBD_LL_SetSpeed                         0x08004ae3   Thumb Code     6  usbd_core.o(i.USBD_LL_SetSpeed)
    USBD_LL_SetUSBAddress                    0x08004ae9   Thumb Code    18  usbd_conf.o(i.USBD_LL_SetUSBAddress)
    USBD_LL_SetupStage                       0x08004afb   Thumb Code    96  usbd_core.o(i.USBD_LL_SetupStage)
    USBD_LL_StallEP                          0x08004b5b   Thumb Code    18  usbd_conf.o(i.USBD_LL_StallEP)
    USBD_LL_Start                            0x08004b6d   Thumb Code    18  usbd_conf.o(i.USBD_LL_Start)
    USBD_LL_Suspend                          0x08004b7f   Thumb Code    26  usbd_core.o(i.USBD_LL_Suspend)
    USBD_LL_Transmit                         0x08004b99   Thumb Code    18  usbd_conf.o(i.USBD_LL_Transmit)
    USBD_ParseSetupRequest                   0x08004bab   Thumb Code    44  usbd_ctlreq.o(i.USBD_ParseSetupRequest)
    USBD_RegisterClass                       0x08004bd7   Thumb Code    58  usbd_core.o(i.USBD_RegisterClass)
    USBD_SetClassConfig                      0x08004c11   Thumb Code    20  usbd_core.o(i.USBD_SetClassConfig)
    USBD_Start                               0x08004cdd   Thumb Code     4  usbd_core.o(i.USBD_Start)
    USBD_StdDevReq                           0x08004ce1   Thumb Code   300  usbd_ctlreq.o(i.USBD_StdDevReq)
    USBD_StdEPReq                            0x08004e0d   Thumb Code   352  usbd_ctlreq.o(i.USBD_StdEPReq)
    USBD_StdItfReq                           0x08004f6d   Thumb Code   114  usbd_ctlreq.o(i.USBD_StdItfReq)
    USBD_static_free                         0x08004fdf   Thumb Code     2  usbd_conf.o(i.USBD_static_free)
    USBD_static_malloc                       0x08004fe1   Thumb Code     4  usbd_conf.o(i.USBD_static_malloc)
    USB_ActivateEndpoint                     0x08004fe9   Thumb Code   122  stm32f4xx_ll_usb.o(i.USB_ActivateEndpoint)
    USB_ActivateSetup                        0x08005069   Thumb Code    28  stm32f4xx_ll_usb.o(i.USB_ActivateSetup)
    USB_CoreInit                             0x08005085   Thumb Code   126  stm32f4xx_ll_usb.o(i.USB_CoreInit)
    USB_DeactivateEndpoint                   0x08005145   Thumb Code   194  stm32f4xx_ll_usb.o(i.USB_DeactivateEndpoint)
    USB_DevConnect                           0x08005211   Thumb Code    28  stm32f4xx_ll_usb.o(i.USB_DevConnect)
    USB_DevDisconnect                        0x0800522d   Thumb Code    28  stm32f4xx_ll_usb.o(i.USB_DevDisconnect)
    USB_DevInit                              0x08005249   Thumb Code   362  stm32f4xx_ll_usb.o(i.USB_DevInit)
    USB_DisableGlobalInt                     0x080053bd   Thumb Code    12  stm32f4xx_ll_usb.o(i.USB_DisableGlobalInt)
    USB_EP0_OutStart                         0x080053c9   Thumb Code    84  stm32f4xx_ll_usb.o(i.USB_EP0_OutStart)
    USB_EPClearStall                         0x08005421   Thumb Code    88  stm32f4xx_ll_usb.o(i.USB_EPClearStall)
    USB_EPSetStall                           0x08005479   Thumb Code    88  stm32f4xx_ll_usb.o(i.USB_EPSetStall)
    USB_EPStartXfer                          0x080054d1   Thumb Code   554  stm32f4xx_ll_usb.o(i.USB_EPStartXfer)
    USB_EPStopXfer                           0x08005701   Thumb Code   158  stm32f4xx_ll_usb.o(i.USB_EPStopXfer)
    USB_EnableGlobalInt                      0x0800579f   Thumb Code    12  stm32f4xx_ll_usb.o(i.USB_EnableGlobalInt)
    USB_FlushRxFifo                          0x080057ab   Thumb Code    56  stm32f4xx_ll_usb.o(i.USB_FlushRxFifo)
    USB_FlushTxFifo                          0x080057e3   Thumb Code    60  stm32f4xx_ll_usb.o(i.USB_FlushTxFifo)
    USB_GetDevSpeed                          0x0800581f   Thumb Code    26  stm32f4xx_ll_usb.o(i.USB_GetDevSpeed)
    USB_GetMode                              0x08005839   Thumb Code     8  stm32f4xx_ll_usb.o(i.USB_GetMode)
    USB_ReadDevAllInEpInterrupt              0x08005841   Thumb Code    14  stm32f4xx_ll_usb.o(i.USB_ReadDevAllInEpInterrupt)
    USB_ReadDevAllOutEpInterrupt             0x0800584f   Thumb Code    14  stm32f4xx_ll_usb.o(i.USB_ReadDevAllOutEpInterrupt)
    USB_ReadDevInEPInterrupt                 0x0800585d   Thumb Code    36  stm32f4xx_ll_usb.o(i.USB_ReadDevInEPInterrupt)
    USB_ReadDevOutEPInterrupt                0x08005881   Thumb Code    16  stm32f4xx_ll_usb.o(i.USB_ReadDevOutEPInterrupt)
    USB_ReadInterrupts                       0x08005891   Thumb Code     8  stm32f4xx_ll_usb.o(i.USB_ReadInterrupts)
    USB_ReadPacket                           0x08005899   Thumb Code    62  stm32f4xx_ll_usb.o(i.USB_ReadPacket)
    USB_SetCurrentMode                       0x080058d7   Thumb Code    92  stm32f4xx_ll_usb.o(i.USB_SetCurrentMode)
    USB_SetDevAddress                        0x08005933   Thumb Code    34  stm32f4xx_ll_usb.o(i.USB_SetDevAddress)
    USB_SetTurnaroundTime                    0x08005955   Thumb Code   158  stm32f4xx_ll_usb.o(i.USB_SetTurnaroundTime)
    USB_WritePacket                          0x08005a3d   Thumb Code    40  stm32f4xx_ll_usb.o(i.USB_WritePacket)
    USER_UART_IRQHandler                     0x08005a65   Thumb Code    90  bsp.o(i.USER_UART_IRQHandler)
    UsageFault_Handler                       0x08005ad1   Thumb Code     2  stm32f4xx_it.o(i.UsageFault_Handler)
    __hardfp_round                           0x08005af9   Thumb Code   194  round.o(i.__hardfp_round)
    main                                     0x08005be5   Thumb Code    66  main.o(i.main)
    osDelay                                  0x08005c39   Thumb Code    14  cmsis_os.o(i.osDelay)
    osKernelStart                            0x08005c47   Thumb Code    10  cmsis_os.o(i.osKernelStart)
    osMessageCreate                          0x08005c51   Thumb Code    38  cmsis_os.o(i.osMessageCreate)
    osMessageGet                             0x08005c79   Thumb Code   144  cmsis_os.o(i.osMessageGet)
    osMessagePut                             0x08005d0d   Thumb Code    86  cmsis_os.o(i.osMessagePut)
    osThreadCreate                           0x08005d69   Thumb Code    84  cmsis_os.o(i.osThreadCreate)
    pvPortMalloc                             0x0800623d   Thumb Code   216  heap_4.o(i.pvPortMalloc)
    pxPortInitialiseStack                    0x08006319   Thumb Code    40  port.o(i.pxPortInitialiseStack)
    uxListRemove                             0x08006345   Thumb Code    38  list.o(i.uxListRemove)
    vApplicationGetIdleTaskMemory            0x0800636d   Thumb Code    16  freertos.o(i.vApplicationGetIdleTaskMemory)
    vListInitialise                          0x08006381   Thumb Code    22  list.o(i.vListInitialise)
    vListInitialiseItem                      0x08006397   Thumb Code     6  list.o(i.vListInitialiseItem)
    vListInsert                              0x0800639d   Thumb Code    48  list.o(i.vListInsert)
    vListInsertEnd                           0x080063cd   Thumb Code    24  list.o(i.vListInsertEnd)
    vPortEnterCritical                       0x080063e5   Thumb Code    54  port.o(i.vPortEnterCritical)
    vPortExitCritical                        0x08006425   Thumb Code    34  port.o(i.vPortExitCritical)
    vPortFree                                0x0800644d   Thumb Code    94  heap_4.o(i.vPortFree)
    vPortSetupTimerInterrupt                 0x080064b1   Thumb Code    32  port.o(i.vPortSetupTimerInterrupt)
    vPortValidateInterruptPriority           0x080064d5   Thumb Code    74  port.o(i.vPortValidateInterruptPriority)
    vTaskDelay                               0x08006529   Thumb Code    66  tasks.o(i.vTaskDelay)
    vTaskInternalSetTimeOutState             0x08006575   Thumb Code    12  tasks.o(i.vTaskInternalSetTimeOutState)
    vTaskMissedYield                         0x08006585   Thumb Code     8  tasks.o(i.vTaskMissedYield)
    vTaskPlaceOnEventList                    0x08006591   Thumb Code    44  tasks.o(i.vTaskPlaceOnEventList)
    vTaskStartScheduler                      0x080065c1   Thumb Code    90  tasks.o(i.vTaskStartScheduler)
    vTaskSuspendAll                          0x0800662d   Thumb Code    10  tasks.o(i.vTaskSuspendAll)
    vTaskSwitchContext                       0x0800663d   Thumb Code    82  tasks.o(i.vTaskSwitchContext)
    xPortStartScheduler                      0x08006699   Thumb Code   222  port.o(i.xPortStartScheduler)
    xQueueGenericCreate                      0x0800678d   Thumb Code    66  queue.o(i.xQueueGenericCreate)
    xQueueGenericCreateStatic                0x080067cf   Thumb Code   102  queue.o(i.xQueueGenericCreateStatic)
    xQueueGenericReset                       0x08006835   Thumb Code   132  queue.o(i.xQueueGenericReset)
    xQueueGenericSend                        0x080068bd   Thumb Code   346  queue.o(i.xQueueGenericSend)
    xQueueGenericSendFromISR                 0x08006a1d   Thumb Code   190  queue.o(i.xQueueGenericSendFromISR)
    xQueueReceive                            0x08006add   Thumb Code   308  queue.o(i.xQueueReceive)
    xQueueReceiveFromISR                     0x08006c15   Thumb Code   154  queue.o(i.xQueueReceiveFromISR)
    xTaskCheckForTimeOut                     0x08006cb1   Thumb Code   112  tasks.o(i.xTaskCheckForTimeOut)
    xTaskCreate                              0x08006d25   Thumb Code    90  tasks.o(i.xTaskCreate)
    xTaskCreateStatic                        0x08006d7f   Thumb Code    86  tasks.o(i.xTaskCreateStatic)
    xTaskGetSchedulerState                   0x08006dd5   Thumb Code    22  tasks.o(i.xTaskGetSchedulerState)
    xTaskIncrementTick                       0x08006df1   Thumb Code   194  tasks.o(i.xTaskIncrementTick)
    xTaskPriorityDisinherit                  0x08006ebd   Thumb Code   144  tasks.o(i.xTaskPriorityDisinherit)
    xTaskRemoveFromEventList                 0x08006f55   Thumb Code   108  tasks.o(i.xTaskRemoveFromEventList)
    xTaskResumeAll                           0x08006fc9   Thumb Code   182  tasks.o(i.xTaskResumeAll)
    __aeabi_dadd                             0x0800708d   Thumb Code     0  daddsub_clz.o(x$fpl$dadd)
    _dadd                                    0x0800708d   Thumb Code   332  daddsub_clz.o(x$fpl$dadd)
    __fpl_dcmp_Inf                           0x080071dd   Thumb Code    24  dcmpi.o(x$fpl$dcmpinf)
    __aeabi_d2iz                             0x080071f5   Thumb Code     0  dfix.o(x$fpl$dfix)
    _dfix                                    0x080071f5   Thumb Code    94  dfix.o(x$fpl$dfix)
    __aeabi_cdcmple                          0x08007255   Thumb Code     0  dleqf.o(x$fpl$dleqf)
    _dcmple                                  0x08007255   Thumb Code   120  dleqf.o(x$fpl$dleqf)
    __fpl_dcmple_InfNaN                      0x080072b7   Thumb Code     0  dleqf.o(x$fpl$dleqf)
    __fpl_dnaninf                            0x080072cd   Thumb Code   156  dnaninf.o(x$fpl$dnaninf)
    __fpl_dretinf                            0x08007369   Thumb Code    12  dretinf.o(x$fpl$dretinf)
    __aeabi_cdrcmple                         0x08007375   Thumb Code     0  drleqf.o(x$fpl$drleqf)
    _drcmple                                 0x08007375   Thumb Code   108  drleqf.o(x$fpl$drleqf)
    _drnd                                    0x080073e1   Thumb Code   180  drnd.o(x$fpl$drnd)
    __aeabi_dsub                             0x08007495   Thumb Code     0  daddsub_clz.o(x$fpl$dsub)
    _dsub                                    0x08007495   Thumb Code   464  daddsub_clz.o(x$fpl$dsub)
    __aeabi_f2d                              0x08007669   Thumb Code     0  f2d.o(x$fpl$f2d)
    _f2d                                     0x08007669   Thumb Code    86  f2d.o(x$fpl$f2d)
    __fpl_fnaninf                            0x080076bf   Thumb Code   140  fnaninf.o(x$fpl$fnaninf)
    _fp_init                                 0x0800774b   Thumb Code    10  fpinit.o(x$fpl$fpinit)
    __fplib_config_fpu_vfp                   0x08007753   Thumb Code     0  fpinit.o(x$fpl$fpinit)
    __fplib_config_pureend_doubles           0x08007753   Thumb Code     0  fpinit.o(x$fpl$fpinit)
    __I$use$fp                               0x08007754   Number         0  usenofp.o(x$fpl$usenofp)
    AHBPrescTable                            0x080077d4   Data          16  system_stm32f4xx.o(.constdata)
    APBPrescTable                            0x080077e4   Data           8  system_stm32f4xx.o(.constdata)
    Region$$Table$$Base                      0x0800781c   Number         0  anon$$obj.o(Region$$Table)
    Region$$Table$$Limit                     0x0800783c   Number         0  anon$$obj.o(Region$$Table)
    defaultTaskHandle                        0x20000000   Data           4  freertos.o(.data)
    MotorDataTaskHandle                      0x20000004   Data           4  freertos.o(.data)
    JogTaskHandle                            0x20000008   Data           4  freertos.o(.data)
    JogCmdQueueHandle                        0x2000000c   Data           4  freertos.o(.data)
    MotorDataQueueHandle                     0x20000010   Data           4  freertos.o(.data)
    uwTickFreq                               0x20000014   Data           1  stm32f4xx_hal.o(.data)
    uwTickPrio                               0x20000018   Data           4  stm32f4xx_hal.o(.data)
    uwTick                                   0x2000001c   Data           4  stm32f4xx_hal.o(.data)
    SystemCoreClock                          0x20000020   Data           4  system_stm32f4xx.o(.data)
    data_length                              0x20000024   Data           1  bsp.o(.data)
    FS_Desc                                  0x20000028   Data          32  usbd_desc.o(.data)
    USBD_LangIDDesc                          0x20000048   Data           4  usbd_desc.o(.data)
    USBD_FS_DeviceDesc                       0x2000004c   Data          18  usbd_desc.o(.data)
    USBD_FS_BOSDesc                          0x20000060   Data          12  usbd_desc.o(.data)
    USBD_StringSerial                        0x2000006c   Data          26  usbd_desc.o(.data)
    USBD_Interface_fops_FS                   0x20000088   Data          20  usbd_cdc_if.o(.data)
    USBD_CDC                                 0x200000f4   Data          56  usbd_cdc.o(.data)
    pxCurrentTCB                             0x2000012c   Data           4  tasks.o(.data)
    hcan1                                    0x200003e8   Data          40  can.o(.bss)
    huart4                                   0x20000410   Data          72  usart.o(.bss)
    hdma_uart4_rx                            0x20000458   Data          96  usart.o(.bss)
    hdma_uart4_tx                            0x200004b8   Data          96  usart.o(.bss)
    htim2                                    0x20000518   Data          72  stm32f4xx_hal_timebase_tim.o(.bss)
    CAN1_port                                0x20000560   Data          56  bsp.o(.bss)
    rx_buff                                  0x20000598   Data         255  bsp.o(.bss)
    recv_cmd                                 0x20000697   Data          18  bsp.o(.bss)
    re35_motor                               0x200006ac   Data          84  maxon_re35.o(.bss)
    fb_data                                  0x20000700   Data          18  maxon_re35.o(.bss)
    hUsbDeviceFS                             0x20000714   Data         732  usb_device.o(.bss)
    USBD_StrDesc                             0x200009f0   Data         512  usbd_desc.o(.bss)
    UserRxBufferFS                           0x20000bf0   Data        2048  usbd_cdc_if.o(.bss)
    UserTxBufferFS                           0x200013f0   Data        2048  usbd_cdc_if.o(.bss)
    hpcd_USB_OTG_FS                          0x20001e10   Data        1252  usbd_conf.o(.bss)
    __libspace_start                         0x20005fe4   Data          96  libspace.o(.bss)
    __temporary_stack_top$libspace           0x20006044   Data           0  libspace.o(.bss)



==============================================================================

Memory Map of the image

  Image Entry point : 0x080001c5

  Load Region LR_IROM1 (Base: 0x08000000, Size: 0x000079d0, Max: 0x00040000, ABSOLUTE, COMPRESSED[0x00007908])

    Execution Region ER_IROM1 (Exec base: 0x08000000, Load base: 0x08000000, Size: 0x0000783c, Max: 0x00040000, ABSOLUTE)

    Exec Addr    Load Addr    Size         Type   Attr      Idx    E Section Name        Object

    0x08000000   0x08000000   0x000001c4   Data   RO            3    RESET               startup_stm32f446xx.o
    0x080001c4   0x080001c4   0x00000008   Code   RO         6373  * !!!main             c_w.l(__main.o)
    0x080001cc   0x080001cc   0x00000034   Code   RO         6583    !!!scatter          c_w.l(__scatter.o)
    0x08000200   0x08000200   0x0000005a   Code   RO         6581    !!dczerorl2         c_w.l(__dczerorl2.o)
    0x0800025a   0x0800025a   0x00000002   PAD
    0x0800025c   0x0800025c   0x0000001c   Code   RO         6585    !!handler_zi        c_w.l(__scatter_zi.o)
    0x08000278   0x08000278   0x00000002   Code   RO         6449    .ARM.Collect$$libinit$$00000000  c_w.l(libinit.o)
    0x0800027a   0x0800027a   0x00000004   Code   RO         6461    .ARM.Collect$$libinit$$00000001  c_w.l(libinit2.o)
    0x0800027e   0x0800027e   0x00000000   Code   RO         6464    .ARM.Collect$$libinit$$00000004  c_w.l(libinit2.o)
    0x0800027e   0x0800027e   0x00000000   Code   RO         6467    .ARM.Collect$$libinit$$0000000A  c_w.l(libinit2.o)
    0x0800027e   0x0800027e   0x00000000   Code   RO         6469    .ARM.Collect$$libinit$$0000000C  c_w.l(libinit2.o)
    0x0800027e   0x0800027e   0x00000000   Code   RO         6471    .ARM.Collect$$libinit$$0000000E  c_w.l(libinit2.o)
    0x0800027e   0x0800027e   0x00000000   Code   RO         6474    .ARM.Collect$$libinit$$00000011  c_w.l(libinit2.o)
    0x0800027e   0x0800027e   0x00000000   Code   RO         6476    .ARM.Collect$$libinit$$00000013  c_w.l(libinit2.o)
    0x0800027e   0x0800027e   0x00000000   Code   RO         6478    .ARM.Collect$$libinit$$00000015  c_w.l(libinit2.o)
    0x0800027e   0x0800027e   0x00000000   Code   RO         6480    .ARM.Collect$$libinit$$00000017  c_w.l(libinit2.o)
    0x0800027e   0x0800027e   0x00000000   Code   RO         6482    .ARM.Collect$$libinit$$00000019  c_w.l(libinit2.o)
    0x0800027e   0x0800027e   0x00000000   Code   RO         6484    .ARM.Collect$$libinit$$0000001B  c_w.l(libinit2.o)
    0x0800027e   0x0800027e   0x00000000   Code   RO         6486    .ARM.Collect$$libinit$$0000001D  c_w.l(libinit2.o)
    0x0800027e   0x0800027e   0x00000000   Code   RO         6488    .ARM.Collect$$libinit$$0000001F  c_w.l(libinit2.o)
    0x0800027e   0x0800027e   0x00000000   Code   RO         6490    .ARM.Collect$$libinit$$00000021  c_w.l(libinit2.o)
    0x0800027e   0x0800027e   0x00000000   Code   RO         6492    .ARM.Collect$$libinit$$00000023  c_w.l(libinit2.o)
    0x0800027e   0x0800027e   0x00000000   Code   RO         6494    .ARM.Collect$$libinit$$00000025  c_w.l(libinit2.o)
    0x0800027e   0x0800027e   0x00000000   Code   RO         6498    .ARM.Collect$$libinit$$0000002C  c_w.l(libinit2.o)
    0x0800027e   0x0800027e   0x00000000   Code   RO         6500    .ARM.Collect$$libinit$$0000002E  c_w.l(libinit2.o)
    0x0800027e   0x0800027e   0x00000000   Code   RO         6502    .ARM.Collect$$libinit$$00000030  c_w.l(libinit2.o)
    0x0800027e   0x0800027e   0x00000000   Code   RO         6504    .ARM.Collect$$libinit$$00000032  c_w.l(libinit2.o)
    0x0800027e   0x0800027e   0x00000002   Code   RO         6505    .ARM.Collect$$libinit$$00000033  c_w.l(libinit2.o)
    0x08000280   0x08000280   0x00000002   Code   RO         6536    .ARM.Collect$$libshutdown$$00000000  c_w.l(libshutdown.o)
    0x08000282   0x08000282   0x00000000   Code   RO         6562    .ARM.Collect$$libshutdown$$00000002  c_w.l(libshutdown2.o)
    0x08000282   0x08000282   0x00000000   Code   RO         6564    .ARM.Collect$$libshutdown$$00000004  c_w.l(libshutdown2.o)
    0x08000282   0x08000282   0x00000000   Code   RO         6566    .ARM.Collect$$libshutdown$$00000006  c_w.l(libshutdown2.o)
    0x08000282   0x08000282   0x00000000   Code   RO         6569    .ARM.Collect$$libshutdown$$00000009  c_w.l(libshutdown2.o)
    0x08000282   0x08000282   0x00000000   Code   RO         6572    .ARM.Collect$$libshutdown$$0000000C  c_w.l(libshutdown2.o)
    0x08000282   0x08000282   0x00000000   Code   RO         6574    .ARM.Collect$$libshutdown$$0000000E  c_w.l(libshutdown2.o)
    0x08000282   0x08000282   0x00000000   Code   RO         6577    .ARM.Collect$$libshutdown$$00000011  c_w.l(libshutdown2.o)
    0x08000282   0x08000282   0x00000002   Code   RO         6578    .ARM.Collect$$libshutdown$$00000012  c_w.l(libshutdown2.o)
    0x08000284   0x08000284   0x00000000   Code   RO         6389    .ARM.Collect$$rtentry$$00000000  c_w.l(__rtentry.o)
    0x08000284   0x08000284   0x00000000   Code   RO         6418    .ARM.Collect$$rtentry$$00000002  c_w.l(__rtentry2.o)
    0x08000284   0x08000284   0x00000006   Code   RO         6430    .ARM.Collect$$rtentry$$00000004  c_w.l(__rtentry4.o)
    0x0800028a   0x0800028a   0x00000000   Code   RO         6420    .ARM.Collect$$rtentry$$00000009  c_w.l(__rtentry2.o)
    0x0800028a   0x0800028a   0x00000004   Code   RO         6421    .ARM.Collect$$rtentry$$0000000A  c_w.l(__rtentry2.o)
    0x0800028e   0x0800028e   0x00000000   Code   RO         6423    .ARM.Collect$$rtentry$$0000000C  c_w.l(__rtentry2.o)
    0x0800028e   0x0800028e   0x00000008   Code   RO         6424    .ARM.Collect$$rtentry$$0000000D  c_w.l(__rtentry2.o)
    0x08000296   0x08000296   0x00000002   Code   RO         6453    .ARM.Collect$$rtexit$$00000000  c_w.l(rtexit.o)
    0x08000298   0x08000298   0x00000000   Code   RO         6509    .ARM.Collect$$rtexit$$00000002  c_w.l(rtexit2.o)
    0x08000298   0x08000298   0x00000004   Code   RO         6510    .ARM.Collect$$rtexit$$00000003  c_w.l(rtexit2.o)
    0x0800029c   0x0800029c   0x00000006   Code   RO         6511    .ARM.Collect$$rtexit$$00000004  c_w.l(rtexit2.o)
    0x080002a2   0x080002a2   0x00000002   PAD
    0x080002a4   0x080002a4   0x000000be   Code   RO         6282    .emb_text           port.o
    0x08000362   0x08000362   0x00000002   PAD
    0x08000364   0x08000364   0x00000040   Code   RO            4    .text               startup_stm32f446xx.o
    0x080003a4   0x080003a4   0x000000ee   Code   RO         6361    .text               c_w.l(lludivv7m.o)
    0x08000492   0x08000492   0x0000008a   Code   RO         6363    .text               c_w.l(rt_memcpy_v6.o)
    0x0800051c   0x0800051c   0x00000064   Code   RO         6365    .text               c_w.l(rt_memcpy_w.o)
    0x08000580   0x08000580   0x0000004e   Code   RO         6369    .text               c_w.l(rt_memclr_w.o)
    0x080005ce   0x080005ce   0x00000006   Code   RO         6371    .text               c_w.l(heapauxi.o)
    0x080005d4   0x080005d4   0x0000004a   Code   RO         6436    .text               c_w.l(sys_stackheap_outer.o)
    0x0800061e   0x0800061e   0x00000012   Code   RO         6438    .text               c_w.l(exit.o)
    0x08000630   0x08000630   0x00000008   Code   RO         6450    .text               c_w.l(libspace.o)
    0x08000638   0x08000638   0x0000000c   Code   RO         6506    .text               c_w.l(sys_exit.o)
    0x08000644   0x08000644   0x00000002   Code   RO         6525    .text               c_w.l(use_no_semi.o)
    0x08000646   0x08000646   0x00000000   Code   RO         6527    .text               c_w.l(indicate_semi.o)
    0x08000646   0x08000646   0x00000002   PAD
    0x08000648   0x08000648   0x00000030   Code   RO         4067    i.BSP_Init          bsp.o
    0x08000678   0x08000678   0x00000002   Code   RO          458    i.BusFault_Handler  stm32f4xx_it.o
    0x0800067a   0x0800067a   0x00000002   PAD
    0x0800067c   0x0800067c   0x0000000c   Code   RO          459    i.CAN1_RX0_IRQHandler  stm32f4xx_it.o
    0x08000688   0x08000688   0x00000050   Code   RO         4068    i.CAN_Filter_Init   bsp.o
    0x080006d8   0x080006d8   0x00000050   Code   RO         4069    i.CAN_Send_Msg      bsp.o
    0x08000728   0x08000728   0x00000004   Code   RO         4412    i.CDC_Control_FS    usbd_cdc_if.o
    0x0800072c   0x0800072c   0x00000004   Code   RO         4413    i.CDC_DeInit_FS     usbd_cdc_if.o
    0x08000730   0x08000730   0x00000024   Code   RO         4414    i.CDC_Init_FS       usbd_cdc_if.o
    0x08000754   0x08000754   0x00000018   Code   RO         4415    i.CDC_Receive_FS    usbd_cdc_if.o
    0x0800076c   0x0800076c   0x00000004   Code   RO         4416    i.CDC_TransmitCplt_FS  usbd_cdc_if.o
    0x08000770   0x08000770   0x00000040   Code   RO         4147    i.Convert_Pos       maxon_re35.o
    0x080007b0   0x080007b0   0x0000000c   Code   RO          460    i.DMA1_Stream2_IRQHandler  stm32f4xx_it.o
    0x080007bc   0x080007bc   0x0000000c   Code   RO          461    i.DMA1_Stream4_IRQHandler  stm32f4xx_it.o
    0x080007c8   0x080007c8   0x00000028   Code   RO         1762    i.DMA_CalcBaseAndBitshift  stm32f4xx_hal_dma.o
    0x080007f0   0x080007f0   0x00000054   Code   RO         1763    i.DMA_CheckFifoParam  stm32f4xx_hal_dma.o
    0x08000844   0x08000844   0x00000028   Code   RO         1764    i.DMA_SetConfig     stm32f4xx_hal_dma.o
    0x0800086c   0x0800086c   0x00000002   Code   RO          462    i.DebugMon_Handler  stm32f4xx_it.o
    0x0800086e   0x0800086e   0x00000004   Code   RO           13    i.Error_Handler     main.o
    0x08000872   0x08000872   0x00000024   Code   RO         2460    i.HAL_CAN_ActivateNotification  stm32f4xx_hal_can.o
    0x08000896   0x08000896   0x000000d0   Code   RO         2461    i.HAL_CAN_AddTxMessage  stm32f4xx_hal_can.o
    0x08000966   0x08000966   0x00000002   PAD
    0x08000968   0x08000968   0x0000010c   Code   RO         2462    i.HAL_CAN_ConfigFilter  stm32f4xx_hal_can.o
    0x08000a74   0x08000a74   0x00000002   Code   RO         2465    i.HAL_CAN_ErrorCallback  stm32f4xx_hal_can.o
    0x08000a76   0x08000a76   0x000000f4   Code   RO         2468    i.HAL_CAN_GetRxMessage  stm32f4xx_hal_can.o
    0x08000b6a   0x08000b6a   0x000001fc   Code   RO         2472    i.HAL_CAN_IRQHandler  stm32f4xx_hal_can.o
    0x08000d66   0x08000d66   0x0000011a   Code   RO         2473    i.HAL_CAN_Init      stm32f4xx_hal_can.o
    0x08000e80   0x08000e80   0x0000007c   Code   RO          351    i.HAL_CAN_MspInit   can.o
    0x08000efc   0x08000efc   0x00000002   Code   RO         2480    i.HAL_CAN_RxFifo0FullCallback  stm32f4xx_hal_can.o
    0x08000efe   0x08000efe   0x00000002   PAD
    0x08000f00   0x08000f00   0x00000060   Code   RO         4070    i.HAL_CAN_RxFifo0MsgPendingCallback  bsp.o
    0x08000f60   0x08000f60   0x00000002   Code   RO         2482    i.HAL_CAN_RxFifo1FullCallback  stm32f4xx_hal_can.o
    0x08000f62   0x08000f62   0x00000002   Code   RO         2483    i.HAL_CAN_RxFifo1MsgPendingCallback  stm32f4xx_hal_can.o
    0x08000f64   0x08000f64   0x00000002   Code   RO         2484    i.HAL_CAN_SleepCallback  stm32f4xx_hal_can.o
    0x08000f66   0x08000f66   0x00000002   PAD
    0x08000f68   0x08000f68   0x00000058   Code   RO         2485    i.HAL_CAN_Start     stm32f4xx_hal_can.o
    0x08000fc0   0x08000fc0   0x00000002   Code   RO         2487    i.HAL_CAN_TxMailbox0AbortCallback  stm32f4xx_hal_can.o
    0x08000fc2   0x08000fc2   0x00000002   Code   RO         2488    i.HAL_CAN_TxMailbox0CompleteCallback  stm32f4xx_hal_can.o
    0x08000fc4   0x08000fc4   0x00000002   Code   RO         2489    i.HAL_CAN_TxMailbox1AbortCallback  stm32f4xx_hal_can.o
    0x08000fc6   0x08000fc6   0x00000002   Code   RO         2490    i.HAL_CAN_TxMailbox1CompleteCallback  stm32f4xx_hal_can.o
    0x08000fc8   0x08000fc8   0x00000002   Code   RO         2491    i.HAL_CAN_TxMailbox2AbortCallback  stm32f4xx_hal_can.o
    0x08000fca   0x08000fca   0x00000002   Code   RO         2492    i.HAL_CAN_TxMailbox2CompleteCallback  stm32f4xx_hal_can.o
    0x08000fcc   0x08000fcc   0x00000002   Code   RO         2494    i.HAL_CAN_WakeUpFromRxMsgCallback  stm32f4xx_hal_can.o
    0x08000fce   0x08000fce   0x00000092   Code   RO         1765    i.HAL_DMA_Abort     stm32f4xx_hal_dma.o
    0x08001060   0x08001060   0x00000024   Code   RO         1766    i.HAL_DMA_Abort_IT  stm32f4xx_hal_dma.o
    0x08001084   0x08001084   0x000001a0   Code   RO         1770    i.HAL_DMA_IRQHandler  stm32f4xx_hal_dma.o
    0x08001224   0x08001224   0x000000d4   Code   RO         1771    i.HAL_DMA_Init      stm32f4xx_hal_dma.o
    0x080012f8   0x080012f8   0x0000006e   Code   RO         1775    i.HAL_DMA_Start_IT  stm32f4xx_hal_dma.o
    0x08001366   0x08001366   0x00000002   PAD
    0x08001368   0x08001368   0x00000024   Code   RO         2208    i.HAL_Delay         stm32f4xx_hal.o
    0x0800138c   0x0800138c   0x000001dc   Code   RO         1658    i.HAL_GPIO_Init     stm32f4xx_hal_gpio.o
    0x08001568   0x08001568   0x00000010   Code   RO         1661    i.HAL_GPIO_TogglePin  stm32f4xx_hal_gpio.o
    0x08001578   0x08001578   0x0000000a   Code   RO         1662    i.HAL_GPIO_WritePin  stm32f4xx_hal_gpio.o
    0x08001582   0x08001582   0x00000002   PAD
    0x08001584   0x08001584   0x0000000c   Code   RO         2214    i.HAL_GetTick       stm32f4xx_hal.o
    0x08001590   0x08001590   0x00000010   Code   RO         2220    i.HAL_IncTick       stm32f4xx_hal.o
    0x080015a0   0x080015a0   0x00000034   Code   RO         2221    i.HAL_Init          stm32f4xx_hal.o
    0x080015d4   0x080015d4   0x00000098   Code   RO          583    i.HAL_InitTick      stm32f4xx_hal_timebase_tim.o
    0x0800166c   0x0800166c   0x00000038   Code   RO          559    i.HAL_MspInit       stm32f4xx_hal_msp.o
    0x080016a4   0x080016a4   0x0000001a   Code   RO         2066    i.HAL_NVIC_EnableIRQ  stm32f4xx_hal_cortex.o
    0x080016be   0x080016be   0x00000002   PAD
    0x080016c0   0x080016c0   0x00000040   Code   RO         2072    i.HAL_NVIC_SetPriority  stm32f4xx_hal_cortex.o
    0x08001700   0x08001700   0x00000024   Code   RO         2073    i.HAL_NVIC_SetPriorityGrouping  stm32f4xx_hal_cortex.o
    0x08001724   0x08001724   0x00000028   Code   RO          860    i.HAL_PCDEx_ActivateLPM  stm32f4xx_hal_pcd_ex.o
    0x0800174c   0x0800174c   0x00000060   Code   RO         4469    i.HAL_PCDEx_LPM_Callback  usbd_conf.o
    0x080017ac   0x080017ac   0x00000008   Code   RO          864    i.HAL_PCDEx_SetRxFiFo  stm32f4xx_hal_pcd_ex.o
    0x080017b4   0x080017b4   0x00000044   Code   RO          865    i.HAL_PCDEx_SetTxFiFo  stm32f4xx_hal_pcd_ex.o
    0x080017f8   0x080017f8   0x00000008   Code   RO         4470    i.HAL_PCD_ConnectCallback  usbd_conf.o
    0x08001800   0x08001800   0x00000012   Code   RO         4471    i.HAL_PCD_DataInStageCallback  usbd_conf.o
    0x08001812   0x08001812   0x00000014   Code   RO         4472    i.HAL_PCD_DataOutStageCallback  usbd_conf.o
    0x08001826   0x08001826   0x00000008   Code   RO         4473    i.HAL_PCD_DisconnectCallback  usbd_conf.o
    0x0800182e   0x0800182e   0x0000001e   Code   RO          631    i.HAL_PCD_EP_Abort  stm32f4xx_hal_pcd.o
    0x0800184c   0x0800184c   0x0000004a   Code   RO          632    i.HAL_PCD_EP_Close  stm32f4xx_hal_pcd.o
    0x08001896   0x08001896   0x0000005a   Code   RO          633    i.HAL_PCD_EP_ClrStall  stm32f4xx_hal_pcd.o
    0x080018f0   0x080018f0   0x00000012   Code   RO          635    i.HAL_PCD_EP_GetRxCount  stm32f4xx_hal_pcd.o
    0x08001902   0x08001902   0x0000005e   Code   RO          636    i.HAL_PCD_EP_Open   stm32f4xx_hal_pcd.o
    0x08001960   0x08001960   0x00000038   Code   RO          637    i.HAL_PCD_EP_Receive  stm32f4xx_hal_pcd.o
    0x08001998   0x08001998   0x00000072   Code   RO          638    i.HAL_PCD_EP_SetStall  stm32f4xx_hal_pcd.o
    0x08001a0a   0x08001a0a   0x00000032   Code   RO          639    i.HAL_PCD_EP_Transmit  stm32f4xx_hal_pcd.o
    0x08001a3c   0x08001a3c   0x00000598   Code   RO          641    i.HAL_PCD_IRQHandler  stm32f4xx_hal_pcd.o
    0x08001fd4   0x08001fd4   0x00000008   Code   RO         4474    i.HAL_PCD_ISOINIncompleteCallback  usbd_conf.o
    0x08001fdc   0x08001fdc   0x00000008   Code   RO         4475    i.HAL_PCD_ISOOUTIncompleteCallback  usbd_conf.o
    0x08001fe4   0x08001fe4   0x000000d8   Code   RO          644    i.HAL_PCD_Init      stm32f4xx_hal_pcd.o
    0x080020bc   0x080020bc   0x000000a0   Code   RO         4477    i.HAL_PCD_MspInit   usbd_conf.o
    0x0800215c   0x0800215c   0x0000002c   Code   RO         4478    i.HAL_PCD_ResetCallback  usbd_conf.o
    0x08002188   0x08002188   0x00000008   Code   RO         4479    i.HAL_PCD_ResumeCallback  usbd_conf.o
    0x08002190   0x08002190   0x00000008   Code   RO         4480    i.HAL_PCD_SOFCallback  usbd_conf.o
    0x08002198   0x08002198   0x00000026   Code   RO          650    i.HAL_PCD_SetAddress  stm32f4xx_hal_pcd.o
    0x080021be   0x080021be   0x0000000e   Code   RO         4481    i.HAL_PCD_SetupStageCallback  usbd_conf.o
    0x080021cc   0x080021cc   0x00000042   Code   RO          653    i.HAL_PCD_Start     stm32f4xx_hal_pcd.o
    0x0800220e   0x0800220e   0x00000002   PAD
    0x08002210   0x08002210   0x00000030   Code   RO         4482    i.HAL_PCD_SuspendCallback  usbd_conf.o
    0x08002240   0x08002240   0x00000430   Code   RO         1327    i.HAL_RCCEx_PeriphCLKConfig  stm32f4xx_hal_rcc_ex.o
    0x08002670   0x08002670   0x00000134   Code   RO         1220    i.HAL_RCC_ClockConfig  stm32f4xx_hal_rcc.o
    0x080027a4   0x080027a4   0x00000040   Code   RO         1224    i.HAL_RCC_GetClockConfig  stm32f4xx_hal_rcc.o
    0x080027e4   0x080027e4   0x0000000c   Code   RO         1225    i.HAL_RCC_GetHCLKFreq  stm32f4xx_hal_rcc.o
    0x080027f0   0x080027f0   0x00000020   Code   RO         1227    i.HAL_RCC_GetPCLK1Freq  stm32f4xx_hal_rcc.o
    0x08002810   0x08002810   0x00000020   Code   RO         1228    i.HAL_RCC_GetPCLK2Freq  stm32f4xx_hal_rcc.o
    0x08002830   0x08002830   0x00000098   Code   RO         1331    i.HAL_RCC_GetSysClockFreq  stm32f4xx_hal_rcc_ex.o
    0x080028c8   0x080028c8   0x00000398   Code   RO         1332    i.HAL_RCC_OscConfig  stm32f4xx_hal_rcc_ex.o
    0x08002c60   0x08002c60   0x00000002   Code   RO         3399    i.HAL_TIMEx_BreakCallback  stm32f4xx_hal_tim_ex.o
    0x08002c62   0x08002c62   0x00000002   Code   RO         3400    i.HAL_TIMEx_CommutCallback  stm32f4xx_hal_tim_ex.o
    0x08002c64   0x08002c64   0x0000005a   Code   RO         2695    i.HAL_TIM_Base_Init  stm32f4xx_hal_tim.o
    0x08002cbe   0x08002cbe   0x00000002   Code   RO         2697    i.HAL_TIM_Base_MspInit  stm32f4xx_hal_tim.o
    0x08002cc0   0x08002cc0   0x00000080   Code   RO         2700    i.HAL_TIM_Base_Start_IT  stm32f4xx_hal_tim.o
    0x08002d40   0x08002d40   0x00000002   Code   RO         2729    i.HAL_TIM_IC_CaptureCallback  stm32f4xx_hal_tim.o
    0x08002d42   0x08002d42   0x00000130   Code   RO         2743    i.HAL_TIM_IRQHandler  stm32f4xx_hal_tim.o
    0x08002e72   0x08002e72   0x00000002   Code   RO         2746    i.HAL_TIM_OC_DelayElapsedCallback  stm32f4xx_hal_tim.o
    0x08002e74   0x08002e74   0x00000002   Code   RO         2773    i.HAL_TIM_PWM_PulseFinishedCallback  stm32f4xx_hal_tim.o
    0x08002e76   0x08002e76   0x0000000e   Code   RO           14    i.HAL_TIM_PeriodElapsedCallback  main.o
    0x08002e84   0x08002e84   0x00000002   Code   RO         2786    i.HAL_TIM_TriggerCallback  stm32f4xx_hal_tim.o
    0x08002e86   0x08002e86   0x00000002   Code   RO         3678    i.HAL_UARTEx_RxEventCallback  stm32f4xx_hal_uart.o
    0x08002e88   0x08002e88   0x00000070   Code   RO         3690    i.HAL_UART_DMAStop  stm32f4xx_hal_uart.o
    0x08002ef8   0x08002ef8   0x00000002   Code   RO         3692    i.HAL_UART_ErrorCallback  stm32f4xx_hal_uart.o
    0x08002efa   0x08002efa   0x00000002   PAD
    0x08002efc   0x08002efc   0x00000270   Code   RO         3695    i.HAL_UART_IRQHandler  stm32f4xx_hal_uart.o
    0x0800316c   0x0800316c   0x00000064   Code   RO         3696    i.HAL_UART_Init     stm32f4xx_hal_uart.o
    0x080031d0   0x080031d0   0x00000104   Code   RO          417    i.HAL_UART_MspInit  usart.o
    0x080032d4   0x080032d4   0x0000001c   Code   RO         3700    i.HAL_UART_Receive_DMA  stm32f4xx_hal_uart.o
    0x080032f0   0x080032f0   0x00000002   Code   RO         3702    i.HAL_UART_RxCpltCallback  stm32f4xx_hal_uart.o
    0x080032f2   0x080032f2   0x00000002   Code   RO         3703    i.HAL_UART_RxHalfCpltCallback  stm32f4xx_hal_uart.o
    0x080032f4   0x080032f4   0x00000078   Code   RO         3705    i.HAL_UART_Transmit_DMA  stm32f4xx_hal_uart.o
    0x0800336c   0x0800336c   0x00000002   Code   RO         3707    i.HAL_UART_TxCpltCallback  stm32f4xx_hal_uart.o
    0x0800336e   0x0800336e   0x00000002   Code   RO         3708    i.HAL_UART_TxHalfCpltCallback  stm32f4xx_hal_uart.o
    0x08003370   0x08003370   0x00000002   Code   RO          463    i.HardFault_Handler  stm32f4xx_it.o
    0x08003372   0x08003372   0x00000002   PAD
    0x08003374   0x08003374   0x00000038   Code   RO         4327    i.IntToUnicode      usbd_desc.o
    0x080033ac   0x080033ac   0x00000044   Code   RO          352    i.MX_CAN1_Init      can.o
    0x080033f0   0x080033f0   0x0000003c   Code   RO          392    i.MX_DMA_Init       dma.o
    0x0800342c   0x0800342c   0x00000084   Code   RO          277    i.MX_FREERTOS_Init  freertos.o
    0x080034b0   0x080034b0   0x0000008c   Code   RO          253    i.MX_GPIO_Init      gpio.o
    0x0800353c   0x0800353c   0x00000038   Code   RO          418    i.MX_UART4_Init     usart.o
    0x08003574   0x08003574   0x00000054   Code   RO         4296    i.MX_USB_DEVICE_Init  usb_device.o
    0x080035c8   0x080035c8   0x00000002   Code   RO          464    i.MemManage_Handler  stm32f4xx_it.o
    0x080035ca   0x080035ca   0x00000002   Code   RO          465    i.NMI_Handler       stm32f4xx_it.o
    0x080035cc   0x080035cc   0x0000000c   Code   RO          466    i.OTG_FS_IRQHandler  stm32f4xx_it.o
    0x080035d8   0x080035d8   0x000000cc   Code   RO          657    i.PCD_EP_OutXfrComplete_int  stm32f4xx_hal_pcd.o
    0x080036a4   0x080036a4   0x000000a2   Code   RO          658    i.PCD_WriteEmptyTxFifo  stm32f4xx_hal_pcd.o
    0x08003746   0x08003746   0x00000002   PAD
    0x08003748   0x08003748   0x00000050   Code   RO          278    i.ProcessMotorDataTask  freertos.o
    0x08003798   0x08003798   0x00000034   Code   RO         4148    i.RE35_Motor_Create  maxon_re35.o
    0x080037cc   0x080037cc   0x0000006c   Code   RO         4149    i.RE35_Motor_Init   maxon_re35.o
    0x08003838   0x08003838   0x00000060   Code   RO         4150    i.RE35_Motor_RecvData_Process  maxon_re35.o
    0x08003898   0x08003898   0x00000012   Code   RO         4151    i.RE35_Motor_Send   maxon_re35.o
    0x080038aa   0x080038aa   0x0000008c   Code   RO         4152    i.RE35_Motor_SetCmd  maxon_re35.o
    0x08003936   0x08003936   0x0000000a   Code   RO         4841    i.SWAPBYTE          usbd_ctlreq.o
    0x08003940   0x08003940   0x00000020   Code   RO          279    i.StartDefaultTask  freertos.o
    0x08003960   0x08003960   0x00000064   Code   RO          280    i.StartJogTask      freertos.o
    0x080039c4   0x080039c4   0x0000002c   Code   RO         6283    i.SysTick_Handler   port.o
    0x080039f0   0x080039f0   0x00000098   Code   RO           15    i.SystemClock_Config  main.o
    0x08003a88   0x08003a88   0x00000010   Code   RO         4030    i.SystemInit        system_stm32f4xx.o
    0x08003a98   0x08003a98   0x0000000c   Code   RO          467    i.TIM2_IRQHandler   stm32f4xx_it.o
    0x08003aa4   0x08003aa4   0x000000d8   Code   RO         2788    i.TIM_Base_SetConfig  stm32f4xx_hal_tim.o
    0x08003b7c   0x08003b7c   0x00000018   Code   RO          468    i.UART4_IRQHandler  stm32f4xx_it.o
    0x08003b94   0x08003b94   0x00000010   Code   RO         3709    i.UART_DMAAbortOnError  stm32f4xx_hal_uart.o
    0x08003ba4   0x08003ba4   0x0000004a   Code   RO         3710    i.UART_DMAError     stm32f4xx_hal_uart.o
    0x08003bee   0x08003bee   0x00000086   Code   RO         3711    i.UART_DMAReceiveCplt  stm32f4xx_hal_uart.o
    0x08003c74   0x08003c74   0x0000001e   Code   RO         3713    i.UART_DMARxHalfCplt  stm32f4xx_hal_uart.o
    0x08003c92   0x08003c92   0x00000042   Code   RO         3715    i.UART_DMATransmitCplt  stm32f4xx_hal_uart.o
    0x08003cd4   0x08003cd4   0x0000000a   Code   RO         3717    i.UART_DMATxHalfCplt  stm32f4xx_hal_uart.o
    0x08003cde   0x08003cde   0x0000004e   Code   RO         3719    i.UART_EndRxTransfer  stm32f4xx_hal_uart.o
    0x08003d2c   0x08003d2c   0x0000001c   Code   RO         3720    i.UART_EndTxTransfer  stm32f4xx_hal_uart.o
    0x08003d48   0x08003d48   0x000000c2   Code   RO         3721    i.UART_Receive_IT   stm32f4xx_hal_uart.o
    0x08003e0a   0x08003e0a   0x00000002   PAD
    0x08003e0c   0x08003e0c   0x0000010c   Code   RO         3722    i.UART_SetConfig    stm32f4xx_hal_uart.o
    0x08003f18   0x08003f18   0x00000090   Code   RO         3723    i.UART_Start_Receive_DMA  stm32f4xx_hal_uart.o
    0x08003fa8   0x08003fa8   0x00000076   Code   RO         4974    i.USBD_CDC_DataIn   usbd_cdc.o
    0x0800401e   0x0800401e   0x0000003c   Code   RO         4975    i.USBD_CDC_DataOut  usbd_cdc.o
    0x0800405a   0x0800405a   0x00000002   PAD
    0x0800405c   0x0800405c   0x00000090   Code   RO         4976    i.USBD_CDC_DeInit   usbd_cdc.o
    0x080040ec   0x080040ec   0x00000036   Code   RO         4977    i.USBD_CDC_EP0_RxReady  usbd_cdc.o
    0x08004122   0x08004122   0x00000002   PAD
    0x08004124   0x08004124   0x0000000c   Code   RO         4978    i.USBD_CDC_GetDeviceQualifierDescriptor  usbd_cdc.o
    0x08004130   0x08004130   0x0000003c   Code   RO         4979    i.USBD_CDC_GetFSCfgDesc  usbd_cdc.o
    0x0800416c   0x0800416c   0x00000040   Code   RO         4980    i.USBD_CDC_GetHSCfgDesc  usbd_cdc.o
    0x080041ac   0x080041ac   0x0000003c   Code   RO         4981    i.USBD_CDC_GetOtherSpeedCfgDesc  usbd_cdc.o
    0x080041e8   0x080041e8   0x00000118   Code   RO         4982    i.USBD_CDC_Init     usbd_cdc.o
    0x08004300   0x08004300   0x00000038   Code   RO         4983    i.USBD_CDC_ReceivePacket  usbd_cdc.o
    0x08004338   0x08004338   0x00000016   Code   RO         4984    i.USBD_CDC_RegisterInterface  usbd_cdc.o
    0x0800434e   0x0800434e   0x0000001a   Code   RO         4985    i.USBD_CDC_SetRxBuffer  usbd_cdc.o
    0x08004368   0x08004368   0x0000001e   Code   RO         4986    i.USBD_CDC_SetTxBuffer  usbd_cdc.o
    0x08004386   0x08004386   0x000000d4   Code   RO         4987    i.USBD_CDC_Setup    usbd_cdc.o
    0x0800445a   0x0800445a   0x00000014   Code   RO         4682    i.USBD_ClrClassConfig  usbd_core.o
    0x0800446e   0x0800446e   0x00000004   Code   RO         4683    i.USBD_CoreFindEP   usbd_core.o
    0x08004472   0x08004472   0x00000004   Code   RO         4684    i.USBD_CoreFindIF   usbd_core.o
    0x08004476   0x08004476   0x00000010   Code   RO         4914    i.USBD_CtlContinueRx  usbd_ioreq.o
    0x08004486   0x08004486   0x00000010   Code   RO         4915    i.USBD_CtlContinueSendData  usbd_ioreq.o
    0x08004496   0x08004496   0x00000016   Code   RO         4842    i.USBD_CtlError     usbd_ctlreq.o
    0x080044ac   0x080044ac   0x0000001e   Code   RO         4916    i.USBD_CtlPrepareRx  usbd_ioreq.o
    0x080044ca   0x080044ca   0x00000016   Code   RO         4917    i.USBD_CtlReceiveStatus  usbd_ioreq.o
    0x080044e0   0x080044e0   0x0000001a   Code   RO         4918    i.USBD_CtlSendData  usbd_ioreq.o
    0x080044fa   0x080044fa   0x00000016   Code   RO         4919    i.USBD_CtlSendStatus  usbd_ioreq.o
    0x08004510   0x08004510   0x00000020   Code   RO         4328    i.USBD_FS_ConfigStrDescriptor  usbd_desc.o
    0x08004530   0x08004530   0x0000000c   Code   RO         4329    i.USBD_FS_DeviceDescriptor  usbd_desc.o
    0x0800453c   0x0800453c   0x00000024   Code   RO         4330    i.USBD_FS_InterfaceStrDescriptor  usbd_desc.o
    0x08004560   0x08004560   0x0000000c   Code   RO         4331    i.USBD_FS_LangIDStrDescriptor  usbd_desc.o
    0x0800456c   0x0800456c   0x00000028   Code   RO         4332    i.USBD_FS_ManufacturerStrDescriptor  usbd_desc.o
    0x08004594   0x08004594   0x0000002c   Code   RO         4333    i.USBD_FS_ProductStrDescriptor  usbd_desc.o
    0x080045c0   0x080045c0   0x00000038   Code   RO         4334    i.USBD_FS_SerialStrDescriptor  usbd_desc.o
    0x080045f8   0x080045f8   0x0000000c   Code   RO         4335    i.USBD_FS_USR_BOSDescriptor  usbd_desc.o
    0x08004604   0x08004604   0x000000fa   Code   RO         4843    i.USBD_GetDescriptor  usbd_ctlreq.o
    0x080046fe   0x080046fe   0x0000003a   Code   RO         4686    i.USBD_GetEpDesc    usbd_core.o
    0x08004738   0x08004738   0x0000000e   Code   RO         4687    i.USBD_GetNextDesc  usbd_core.o
    0x08004746   0x08004746   0x00000048   Code   RO         4844    i.USBD_GetString    usbd_ctlreq.o
    0x0800478e   0x0800478e   0x00000018   Code   RO         4483    i.USBD_Get_USB_Status  usbd_conf.o
    0x080047a6   0x080047a6   0x00000026   Code   RO         4688    i.USBD_Init         usbd_core.o
    0x080047cc   0x080047cc   0x00000012   Code   RO         4484    i.USBD_LL_ClearStallEP  usbd_conf.o
    0x080047de   0x080047de   0x00000012   Code   RO         4485    i.USBD_LL_CloseEP   usbd_conf.o
    0x080047f0   0x080047f0   0x000000b6   Code   RO         4689    i.USBD_LL_DataInStage  usbd_core.o
    0x080048a6   0x080048a6   0x0000008e   Code   RO         4690    i.USBD_LL_DataOutStage  usbd_core.o
    0x08004934   0x08004934   0x00000004   Code   RO         4691    i.USBD_LL_DevConnected  usbd_core.o
    0x08004938   0x08004938   0x0000001e   Code   RO         4692    i.USBD_LL_DevDisconnected  usbd_core.o
    0x08004956   0x08004956   0x00000008   Code   RO         4489    i.USBD_LL_GetRxDataSize  usbd_conf.o
    0x0800495e   0x0800495e   0x00000002   PAD
    0x08004960   0x08004960   0x00000060   Code   RO         4490    i.USBD_LL_Init      usbd_conf.o
    0x080049c0   0x080049c0   0x0000001e   Code   RO         4491    i.USBD_LL_IsStallEP  usbd_conf.o
    0x080049de   0x080049de   0x00000028   Code   RO         4693    i.USBD_LL_IsoINIncomplete  usbd_core.o
    0x08004a06   0x08004a06   0x00000028   Code   RO         4694    i.USBD_LL_IsoOUTIncomplete  usbd_core.o
    0x08004a2e   0x08004a2e   0x00000018   Code   RO         4492    i.USBD_LL_OpenEP    usbd_conf.o
    0x08004a46   0x08004a46   0x00000012   Code   RO         4493    i.USBD_LL_PrepareReceive  usbd_conf.o
    0x08004a58   0x08004a58   0x0000005c   Code   RO         4695    i.USBD_LL_Reset     usbd_core.o
    0x08004ab4   0x08004ab4   0x00000014   Code   RO         4696    i.USBD_LL_Resume    usbd_core.o
    0x08004ac8   0x08004ac8   0x0000001a   Code   RO         4697    i.USBD_LL_SOF       usbd_core.o
    0x08004ae2   0x08004ae2   0x00000006   Code   RO         4698    i.USBD_LL_SetSpeed  usbd_core.o
    0x08004ae8   0x08004ae8   0x00000012   Code   RO         4494    i.USBD_LL_SetUSBAddress  usbd_conf.o
    0x08004afa   0x08004afa   0x00000060   Code   RO         4699    i.USBD_LL_SetupStage  usbd_core.o
    0x08004b5a   0x08004b5a   0x00000012   Code   RO         4495    i.USBD_LL_StallEP   usbd_conf.o
    0x08004b6c   0x08004b6c   0x00000012   Code   RO         4496    i.USBD_LL_Start     usbd_conf.o
    0x08004b7e   0x08004b7e   0x0000001a   Code   RO         4700    i.USBD_LL_Suspend   usbd_core.o
    0x08004b98   0x08004b98   0x00000012   Code   RO         4498    i.USBD_LL_Transmit  usbd_conf.o
    0x08004baa   0x08004baa   0x0000002c   Code   RO         4845    i.USBD_ParseSetupRequest  usbd_ctlreq.o
    0x08004bd6   0x08004bd6   0x0000003a   Code   RO         4701    i.USBD_RegisterClass  usbd_core.o
    0x08004c10   0x08004c10   0x00000014   Code   RO         4703    i.USBD_SetClassConfig  usbd_core.o
    0x08004c24   0x08004c24   0x000000b8   Code   RO         4846    i.USBD_SetConfig    usbd_ctlreq.o
    0x08004cdc   0x08004cdc   0x00000004   Code   RO         4704    i.USBD_Start        usbd_core.o
    0x08004ce0   0x08004ce0   0x0000012c   Code   RO         4847    i.USBD_StdDevReq    usbd_ctlreq.o
    0x08004e0c   0x08004e0c   0x00000160   Code   RO         4848    i.USBD_StdEPReq     usbd_ctlreq.o
    0x08004f6c   0x08004f6c   0x00000072   Code   RO         4849    i.USBD_StdItfReq    usbd_ctlreq.o
    0x08004fde   0x08004fde   0x00000002   Code   RO         4499    i.USBD_static_free  usbd_conf.o
    0x08004fe0   0x08004fe0   0x00000008   Code   RO         4500    i.USBD_static_malloc  usbd_conf.o
    0x08004fe8   0x08004fe8   0x00000080   Code   RO          915    i.USB_ActivateEndpoint  stm32f4xx_ll_usb.o
    0x08005068   0x08005068   0x0000001c   Code   RO          917    i.USB_ActivateSetup  stm32f4xx_ll_usb.o
    0x08005084   0x08005084   0x00000084   Code   RO          919    i.USB_CoreInit      stm32f4xx_ll_usb.o
    0x08005108   0x08005108   0x0000003c   Code   RO          920    i.USB_CoreReset     stm32f4xx_ll_usb.o
    0x08005144   0x08005144   0x000000cc   Code   RO          923    i.USB_DeactivateEndpoint  stm32f4xx_ll_usb.o
    0x08005210   0x08005210   0x0000001c   Code   RO          924    i.USB_DevConnect    stm32f4xx_ll_usb.o
    0x0800522c   0x0800522c   0x0000001c   Code   RO          925    i.USB_DevDisconnect  stm32f4xx_ll_usb.o
    0x08005248   0x08005248   0x00000174   Code   RO          926    i.USB_DevInit       stm32f4xx_ll_usb.o
    0x080053bc   0x080053bc   0x0000000c   Code   RO          927    i.USB_DisableGlobalInt  stm32f4xx_ll_usb.o
    0x080053c8   0x080053c8   0x00000058   Code   RO          930    i.USB_EP0_OutStart  stm32f4xx_ll_usb.o
    0x08005420   0x08005420   0x00000058   Code   RO          931    i.USB_EPClearStall  stm32f4xx_ll_usb.o
    0x08005478   0x08005478   0x00000058   Code   RO          932    i.USB_EPSetStall    stm32f4xx_ll_usb.o
    0x080054d0   0x080054d0   0x00000230   Code   RO          933    i.USB_EPStartXfer   stm32f4xx_ll_usb.o
    0x08005700   0x08005700   0x0000009e   Code   RO          934    i.USB_EPStopXfer    stm32f4xx_ll_usb.o
    0x0800579e   0x0800579e   0x0000000c   Code   RO          935    i.USB_EnableGlobalInt  stm32f4xx_ll_usb.o
    0x080057aa   0x080057aa   0x00000038   Code   RO          936    i.USB_FlushRxFifo   stm32f4xx_ll_usb.o
    0x080057e2   0x080057e2   0x0000003c   Code   RO          937    i.USB_FlushTxFifo   stm32f4xx_ll_usb.o
    0x0800581e   0x0800581e   0x0000001a   Code   RO          939    i.USB_GetDevSpeed   stm32f4xx_ll_usb.o
    0x08005838   0x08005838   0x00000008   Code   RO          941    i.USB_GetMode       stm32f4xx_ll_usb.o
    0x08005840   0x08005840   0x0000000e   Code   RO          949    i.USB_ReadDevAllInEpInterrupt  stm32f4xx_ll_usb.o
    0x0800584e   0x0800584e   0x0000000e   Code   RO          950    i.USB_ReadDevAllOutEpInterrupt  stm32f4xx_ll_usb.o
    0x0800585c   0x0800585c   0x00000024   Code   RO          951    i.USB_ReadDevInEPInterrupt  stm32f4xx_ll_usb.o
    0x08005880   0x08005880   0x00000010   Code   RO          952    i.USB_ReadDevOutEPInterrupt  stm32f4xx_ll_usb.o
    0x08005890   0x08005890   0x00000008   Code   RO          953    i.USB_ReadInterrupts  stm32f4xx_ll_usb.o
    0x08005898   0x08005898   0x0000003e   Code   RO          954    i.USB_ReadPacket    stm32f4xx_ll_usb.o
    0x080058d6   0x080058d6   0x0000005c   Code   RO          956    i.USB_SetCurrentMode  stm32f4xx_ll_usb.o
    0x08005932   0x08005932   0x00000022   Code   RO          957    i.USB_SetDevAddress  stm32f4xx_ll_usb.o
    0x08005954   0x08005954   0x000000e8   Code   RO          959    i.USB_SetTurnaroundTime  stm32f4xx_ll_usb.o
    0x08005a3c   0x08005a3c   0x00000028   Code   RO          962    i.USB_WritePacket   stm32f4xx_ll_usb.o
    0x08005a64   0x08005a64   0x0000006c   Code   RO         4071    i.USER_UART_IRQHandler  bsp.o
    0x08005ad0   0x08005ad0   0x00000002   Code   RO          469    i.UsageFault_Handler  stm32f4xx_it.o
    0x08005ad2   0x08005ad2   0x00000020   Code   RO         2079    i.__NVIC_SetPriority  stm32f4xx_hal_cortex.o
    0x08005af2   0x08005af2   0x00000006   PAD
    0x08005af8   0x08005af8   0x000000e0   Code   RO         6385    i.__hardfp_round    m_wm.l(round.o)
    0x08005bd8   0x08005bd8   0x0000000c   Code   RO         5846    i.inHandlerMode     cmsis_os.o
    0x08005be4   0x08005be4   0x00000048   Code   RO           16    i.main              main.o
    0x08005c2c   0x08005c2c   0x0000000c   Code   RO         5848    i.makeFreeRtosPriority  cmsis_os.o
    0x08005c38   0x08005c38   0x0000000e   Code   RO         5850    i.osDelay           cmsis_os.o
    0x08005c46   0x08005c46   0x0000000a   Code   RO         5853    i.osKernelStart     cmsis_os.o
    0x08005c50   0x08005c50   0x00000026   Code   RO         5862    i.osMessageCreate   cmsis_os.o
    0x08005c76   0x08005c76   0x00000002   PAD
    0x08005c78   0x08005c78   0x00000094   Code   RO         5864    i.osMessageGet      cmsis_os.o
    0x08005d0c   0x08005d0c   0x0000005c   Code   RO         5866    i.osMessagePut      cmsis_os.o
    0x08005d68   0x08005d68   0x00000054   Code   RO         5887    i.osThreadCreate    cmsis_os.o
    0x08005dbc   0x08005dbc   0x00000070   Code   RO         5530    i.prvAddCurrentTaskToDelayedList  tasks.o
    0x08005e2c   0x08005e2c   0x000000d0   Code   RO         5531    i.prvAddNewTaskToReadyList  tasks.o
    0x08005efc   0x08005efc   0x00000026   Code   RO         5209    i.prvCopyDataFromQueue  queue.o
    0x08005f22   0x08005f22   0x0000006c   Code   RO         5210    i.prvCopyDataToQueue  queue.o
    0x08005f8e   0x08005f8e   0x00000034   Code   RO         5532    i.prvDeleteTCB      tasks.o
    0x08005fc2   0x08005fc2   0x00000002   PAD
    0x08005fc4   0x08005fc4   0x0000004c   Code   RO         6215    i.prvHeapInit       heap_4.o
    0x08006010   0x08006010   0x00000060   Code   RO         5533    i.prvIdleTask       tasks.o
    0x08006070   0x08006070   0x00000016   Code   RO         5212    i.prvInitialiseNewQueue  queue.o
    0x08006086   0x08006086   0x00000098   Code   RO         5534    i.prvInitialiseNewTask  tasks.o
    0x0800611e   0x0800611e   0x00000002   PAD
    0x08006120   0x08006120   0x0000004c   Code   RO         6216    i.prvInsertBlockIntoFreeList  heap_4.o
    0x0800616c   0x0800616c   0x0000001c   Code   RO         5213    i.prvIsQueueEmpty   queue.o
    0x08006188   0x08006188   0x00000020   Code   RO         5535    i.prvResetNextTaskUnblockTime  tasks.o
    0x080061a8   0x080061a8   0x00000028   Code   RO         6284    i.prvTaskExitError  port.o
    0x080061d0   0x080061d0   0x0000006a   Code   RO         5214    i.prvUnlockQueue    queue.o
    0x0800623a   0x0800623a   0x00000002   PAD
    0x0800623c   0x0800623c   0x000000dc   Code   RO         6217    i.pvPortMalloc      heap_4.o
    0x08006318   0x08006318   0x0000002c   Code   RO         6285    i.pxPortInitialiseStack  port.o
    0x08006344   0x08006344   0x00000026   Code   RO         5172    i.uxListRemove      list.o
    0x0800636a   0x0800636a   0x00000002   PAD
    0x0800636c   0x0800636c   0x00000014   Code   RO          281    i.vApplicationGetIdleTaskMemory  freertos.o
    0x08006380   0x08006380   0x00000016   Code   RO         5173    i.vListInitialise   list.o
    0x08006396   0x08006396   0x00000006   Code   RO         5174    i.vListInitialiseItem  list.o
    0x0800639c   0x0800639c   0x00000030   Code   RO         5175    i.vListInsert       list.o
    0x080063cc   0x080063cc   0x00000018   Code   RO         5176    i.vListInsertEnd    list.o
    0x080063e4   0x080063e4   0x00000040   Code   RO         6287    i.vPortEnterCritical  port.o
    0x08006424   0x08006424   0x00000028   Code   RO         6288    i.vPortExitCritical  port.o
    0x0800644c   0x0800644c   0x00000064   Code   RO         6218    i.vPortFree         heap_4.o
    0x080064b0   0x080064b0   0x00000024   Code   RO         6289    i.vPortSetupTimerInterrupt  port.o
    0x080064d4   0x080064d4   0x00000054   Code   RO         6290    i.vPortValidateInterruptPriority  port.o
    0x08006528   0x08006528   0x0000004c   Code   RO         5544    i.vTaskDelay        tasks.o
    0x08006574   0x08006574   0x00000010   Code   RO         5547    i.vTaskInternalSetTimeOutState  tasks.o
    0x08006584   0x08006584   0x0000000c   Code   RO         5548    i.vTaskMissedYield  tasks.o
    0x08006590   0x08006590   0x00000030   Code   RO         5550    i.vTaskPlaceOnEventList  tasks.o
    0x080065c0   0x080065c0   0x0000006c   Code   RO         5557    i.vTaskStartScheduler  tasks.o
    0x0800662c   0x0800662c   0x00000010   Code   RO         5559    i.vTaskSuspendAll   tasks.o
    0x0800663c   0x0800663c   0x0000005c   Code   RO         5560    i.vTaskSwitchContext  tasks.o
    0x08006698   0x08006698   0x000000f4   Code   RO         6291    i.xPortStartScheduler  port.o
    0x0800678c   0x0800678c   0x00000042   Code   RO         5223    i.xQueueGenericCreate  queue.o
    0x080067ce   0x080067ce   0x00000066   Code   RO         5224    i.xQueueGenericCreateStatic  queue.o
    0x08006834   0x08006834   0x00000088   Code   RO         5225    i.xQueueGenericReset  queue.o
    0x080068bc   0x080068bc   0x00000160   Code   RO         5226    i.xQueueGenericSend  queue.o
    0x08006a1c   0x08006a1c   0x000000be   Code   RO         5227    i.xQueueGenericSendFromISR  queue.o
    0x08006ada   0x08006ada   0x00000002   PAD
    0x08006adc   0x08006adc   0x00000138   Code   RO         5233    i.xQueueReceive     queue.o
    0x08006c14   0x08006c14   0x0000009a   Code   RO         5234    i.xQueueReceiveFromISR  queue.o
    0x08006cae   0x08006cae   0x00000002   PAD
    0x08006cb0   0x08006cb0   0x00000074   Code   RO         5562    i.xTaskCheckForTimeOut  tasks.o
    0x08006d24   0x08006d24   0x0000005a   Code   RO         5563    i.xTaskCreate       tasks.o
    0x08006d7e   0x08006d7e   0x00000056   Code   RO         5564    i.xTaskCreateStatic  tasks.o
    0x08006dd4   0x08006dd4   0x0000001c   Code   RO         5568    i.xTaskGetSchedulerState  tasks.o
    0x08006df0   0x08006df0   0x000000cc   Code   RO         5571    i.xTaskIncrementTick  tasks.o
    0x08006ebc   0x08006ebc   0x00000098   Code   RO         5574    i.xTaskPriorityDisinherit  tasks.o
    0x08006f54   0x08006f54   0x00000074   Code   RO         5576    i.xTaskRemoveFromEventList  tasks.o
    0x08006fc8   0x08006fc8   0x000000c4   Code   RO         5577    i.xTaskResumeAll    tasks.o
    0x0800708c   0x0800708c   0x00000150   Code   RO         6396    x$fpl$dadd          fz_wm.l(daddsub_clz.o)
    0x080071dc   0x080071dc   0x00000018   Code   RO         6434    x$fpl$dcmpinf       fz_wm.l(dcmpi.o)
    0x080071f4   0x080071f4   0x0000005e   Code   RO         6377    x$fpl$dfix          fz_wm.l(dfix.o)
    0x08007252   0x08007252   0x00000002   PAD
    0x08007254   0x08007254   0x00000078   Code   RO         6402    x$fpl$dleqf         fz_wm.l(dleqf.o)
    0x080072cc   0x080072cc   0x0000009c   Code   RO         6404    x$fpl$dnaninf       fz_wm.l(dnaninf.o)
    0x08007368   0x08007368   0x0000000c   Code   RO         6406    x$fpl$dretinf       fz_wm.l(dretinf.o)
    0x08007374   0x08007374   0x0000006c   Code   RO         6408    x$fpl$drleqf        fz_wm.l(drleqf.o)
    0x080073e0   0x080073e0   0x000000b4   Code   RO         6410    x$fpl$drnd          fz_wm.l(drnd.o)
    0x08007494   0x08007494   0x000001d4   Code   RO         6398    x$fpl$dsub          fz_wm.l(daddsub_clz.o)
    0x08007668   0x08007668   0x00000056   Code   RO         6383    x$fpl$f2d           fz_wm.l(f2d.o)
    0x080076be   0x080076be   0x0000008c   Code   RO         6412    x$fpl$fnaninf       fz_wm.l(fnaninf.o)
    0x0800774a   0x0800774a   0x0000000a   Code   RO         6521    x$fpl$fpinit        fz_wm.l(fpinit.o)
    0x08007754   0x08007754   0x00000000   Code   RO         6416    x$fpl$usenofp       fz_wm.l(usenofp.o)
    0x08007754   0x08007754   0x00000078   Data   RO          283    .constdata          freertos.o
    0x080077cc   0x080077cc   0x00000008   Data   RO         1777    .constdata          stm32f4xx_hal_dma.o
    0x080077d4   0x080077d4   0x00000010   Data   RO         4031    .constdata          system_stm32f4xx.o
    0x080077e4   0x080077e4   0x00000008   Data   RO         4032    .constdata          system_stm32f4xx.o
    0x080077ec   0x080077ec   0x0000000c   Data   RO         4154    .constdata          maxon_re35.o
    0x080077f8   0x080077f8   0x00000024   Data   RO          284    .conststring        freertos.o
    0x0800781c   0x0800781c   0x00000020   Data   RO         6579    Region$$Table       anon$$obj.o


    Execution Region RW_IRAM1 (Exec base: 0x20000000, Load base: 0x0800783c, Size: 0x00006c48, Max: 0x00020000, ABSOLUTE, COMPRESSED[0x000000cc])

    Exec Addr    Load Addr    Size         Type   Attr      Idx    E Section Name        Object

    0x20000000   COMPRESSED   0x00000014   Data   RW          285    .data               freertos.o
    0x20000014   COMPRESSED   0x0000000c   Data   RW         2228    .data               stm32f4xx_hal.o
    0x20000020   COMPRESSED   0x00000004   Data   RW         4033    .data               system_stm32f4xx.o
    0x20000024   COMPRESSED   0x00000001   Data   RW         4073    .data               bsp.o
    0x20000025   COMPRESSED   0x00000003   PAD
    0x20000028   COMPRESSED   0x00000020   Data   RW         4337    .data               usbd_desc.o
    0x20000048   COMPRESSED   0x0000003e   Data   RW         4338    .data               usbd_desc.o
    0x20000086   COMPRESSED   0x00000002   PAD
    0x20000088   COMPRESSED   0x00000014   Data   RW         4419    .data               usbd_cdc_if.o
    0x2000009c   COMPRESSED   0x00000001   Data   RW         4850    .data               usbd_ctlreq.o
    0x2000009d   COMPRESSED   0x00000003   PAD
    0x200000a0   COMPRESSED   0x00000053   Data   RW         4989    .data               usbd_cdc.o
    0x200000f3   COMPRESSED   0x00000001   PAD
    0x200000f4   COMPRESSED   0x00000038   Data   RW         4990    .data               usbd_cdc.o
    0x2000012c   COMPRESSED   0x0000003c   Data   RW         5580    .data               tasks.o
    0x20000168   COMPRESSED   0x00000020   Data   RW         6224    .data               heap_4.o
    0x20000188   COMPRESSED   0x0000000c   Data   RW         6292    .data               port.o
    0x20000194        -       0x00000254   Zero   RW          282    .bss                freertos.o
    0x200003e8        -       0x00000028   Zero   RW          353    .bss                can.o
    0x20000410        -       0x00000108   Zero   RW          419    .bss                usart.o
    0x20000518        -       0x00000048   Zero   RW          586    .bss                stm32f4xx_hal_timebase_tim.o
    0x20000560        -       0x00000149   Zero   RW         4072    .bss                bsp.o
    0x200006a9   COMPRESSED   0x00000003   PAD
    0x200006ac        -       0x00000066   Zero   RW         4153    .bss                maxon_re35.o
    0x20000712   COMPRESSED   0x00000002   PAD
    0x20000714        -       0x000002dc   Zero   RW         4297    .bss                usb_device.o
    0x200009f0        -       0x00000200   Zero   RW         4336    .bss                usbd_desc.o
    0x20000bf0        -       0x00001000   Zero   RW         4418    .bss                usbd_cdc_if.o
    0x20001bf0        -       0x00000704   Zero   RW         4501    .bss                usbd_conf.o
    0x200022f4        -       0x000000f0   Zero   RW         5579    .bss                tasks.o
    0x200023e4        -       0x00003c00   Zero   RW         6223    .bss                heap_4.o
    0x20005fe4        -       0x00000060   Zero   RW         6451    .bss                c_w.l(libspace.o)
    0x20006044   COMPRESSED   0x00000004   PAD
    0x20006048        -       0x00000400   Zero   RW            2    HEAP                startup_stm32f446xx.o
    0x20006448        -       0x00000800   Zero   RW            1    STACK               startup_stm32f446xx.o


==============================================================================

Image component sizes


      Code (inc. data)   RO Data    RW Data    ZI Data      Debug   Object Name

       412         56          0          1        329       6703   bsp.o
       192         22          0          0         40       1681   can.o
       410         10          0          0          0      31749   cmsis_os.o
        60          4          0          0          0        774   dma.o
         0          0          0          0          0      17536   event_groups.o
       364         40        156         20        596       4841   freertos.o
       140         10          0          0          0        955   gpio.o
       472         24          0         32      15360       7403   heap_4.o
       138          0          0          0          0       3542   list.o
       242         16          0          0          0     771772   main.o
       478         24         12          0        102       8245   maxon_re35.o
       786         82          0         12          0      11805   port.o
      1614         14          0          0          0      17969   queue.o
        64         26        452          0       3072        840   startup_stm32f446xx.o
       116         18          0         12          0       8550   stm32f4xx_hal.o
      1658          6          0          0          0      14227   stm32f4xx_hal_can.o
       158         14          0          0          0      33034   stm32f4xx_hal_cortex.o
      1084         16          8          0          0       7310   stm32f4xx_hal_dma.o
       502         40          0          0          0       2813   stm32f4xx_hal_gpio.o
        56          4          0          0          0        858   stm32f4xx_hal_msp.o
      2644         14          0          0          0      13556   stm32f4xx_hal_pcd.o
       116          6          0          0          0       2460   stm32f4xx_hal_pcd_ex.o
       448         60          0          0          0       4003   stm32f4xx_hal_rcc.o
      2144         72          0          0          0       4574   stm32f4xx_hal_rcc_ex.o
       748         74          0          0          0       7464   stm32f4xx_hal_tim.o
         4          0          0          0          0       1617   stm32f4xx_hal_tim_ex.o
       152         18          0          0         72       1467   stm32f4xx_hal_timebase_tim.o
      2038         44          0          0          0      16463   stm32f4xx_hal_uart.o
        96         36          0          0          0       5608   stm32f4xx_it.o
      2684        116          0          0          0      23116   stm32f4xx_ll_usb.o
         0          0          0          0          0        428   stream_buffer.o
        16          4         24          4          0       1115   system_stm32f4xx.o
      2008        150          0         60        240      25030   tasks.o
       316         28          0          0        264       1892   usart.o
        84         18          0          0        732        804   usb_device.o
      1198         32          0        139          0      13523   usbd_cdc.o
        72         16          0         20       4096       3194   usbd_cdc_if.o
       766         28          0          0       1796      17445   usbd_conf.o
       924          0          0          0          0      15375   usbd_core.o
      1348         20          0          1          0      14880   usbd_ctlreq.o
       300        108          0         94        512       6773   usbd_desc.o
       132          0          0          0          0       4500   usbd_ioreq.o

    ----------------------------------------------------------------------
     27236       1270        684        404      27216    1137894   Object Totals
         0          0         32          0          0          0   (incl. Generated)
        52          0          0          9          5          0   (incl. Padding)

    ----------------------------------------------------------------------

      Code (inc. data)   RO Data    RW Data    ZI Data      Debug   Library Member Name

        90          0          0          0          0          0   __dczerorl2.o
         8          0          0          0          0         68   __main.o
         0          0          0          0          0          0   __rtentry.o
        12          0          0          0          0          0   __rtentry2.o
         6          0          0          0          0          0   __rtentry4.o
        52          8          0          0          0          0   __scatter.o
        28          0          0          0          0          0   __scatter_zi.o
        18          0          0          0          0         80   exit.o
         6          0          0          0          0        152   heapauxi.o
         0          0          0          0          0          0   indicate_semi.o
         2          0          0          0          0          0   libinit.o
         6          0          0          0          0          0   libinit2.o
         2          0          0          0          0          0   libshutdown.o
         2          0          0          0          0          0   libshutdown2.o
         8          4          0          0         96         68   libspace.o
       238          0          0          0          0        100   lludivv7m.o
        78          0          0          0          0         80   rt_memclr_w.o
       138          0          0          0          0         68   rt_memcpy_v6.o
       100          0          0          0          0         80   rt_memcpy_w.o
         2          0          0          0          0          0   rtexit.o
        10          0          0          0          0          0   rtexit2.o
        12          4          0          0          0         68   sys_exit.o
        74          0          0          0          0         80   sys_stackheap_outer.o
         2          0          0          0          0         68   use_no_semi.o
       804         16          0          0          0        368   daddsub_clz.o
        24          0          0          0          0        116   dcmpi.o
        94          4          0          0          0        140   dfix.o
       120          4          0          0          0        140   dleqf.o
       156          4          0          0          0        140   dnaninf.o
        12          0          0          0          0        116   dretinf.o
       108          0          0          0          0        128   drleqf.o
       180          4          0          0          0        128   drnd.o
        86          4          0          0          0        132   f2d.o
       140          4          0          0          0        132   fnaninf.o
        10          0          0          0          0        116   fpinit.o
         0          0          0          0          0          0   usenofp.o
       224         30          0          0          0        172   round.o

    ----------------------------------------------------------------------
      2860         86          0          0        100       2740   Library Totals
         8          0          0          0          4          0   (incl. Padding)

    ----------------------------------------------------------------------

      Code (inc. data)   RO Data    RW Data    ZI Data      Debug   Library Name

       894         16          0          0         96        912   c_w.l
      1734         40          0          0          0       1656   fz_wm.l
       224         30          0          0          0        172   m_wm.l

    ----------------------------------------------------------------------
      2860         86          0          0        100       2740   Library Totals

    ----------------------------------------------------------------------

==============================================================================


      Code (inc. data)   RO Data    RW Data    ZI Data      Debug   

     30096       1356        684        404      27316    1108070   Grand Totals
     30096       1356        684        204      27316    1108070   ELF Image Totals (compressed)
     30096       1356        684        204          0          0   ROM Totals

==============================================================================

    Total RO  Size (Code + RO Data)                30780 (  30.06kB)
    Total RW  Size (RW Data + ZI Data)             27720 (  27.07kB)
    Total ROM Size (Code + RO Data + RW Data)      30984 (  30.26kB)

==============================================================================

